Component: ARM Compiler 5.06 update 6 (build 750) Tool: armlink [4d35ed]

==============================================================================

Section Cross References

    main.o(.text) refers to delay.o(.text) for delay_init
    main.o(.text) refers to os_core.o(.text) for os_init
    main.o(.text) refers to key_led_task.o(.text) for EnterStopMode
    main.o(.text) refers to app.o(.text) for init_task
    stm32f0xx_it.o(.text) refers to stm32f0xx_tim.o(.text) for TIM_GetITStatus
    stm32f0xx_it.o(.text) refers to os_core.o(.text) for os_isr_ticks
    system_stm32f0xx.o(.text) refers to aeabi_sdiv.o(.text) for __aeabi_uidivmod
    system_stm32f0xx.o(.text) refers to stm32f0xx_rcc.o(.text) for RCC_MCOConfig
    system_stm32f0xx.o(.text) refers to system_stm32f0xx.o(.data) for .data
    iwtdg.o(.text) refers to stm32f0xx_iwdg.o(.text) for IWDG_WriteAccessCmd
    app.o(.text) refers to hardware.o(.text) for init_hardware
    app.o(.text) refers to motor_pwm.o(.text) for Motor_PWM_Init
    app.o(.text) refers to fifo.o(.text) for fifoInit
    app.o(.text) refers to serial_port.o(.text) for UARTInit
    app.o(.text) refers to cmd_receive.o(.text) for Init_Receive
    app.o(.text) refers to os_core.o(.text) for os_create_task
    app.o(.text) refers to comm_task.o(.bss) for send_buf
    app.o(.text) refers to comm_task.o(.bss) for send_fifo
    app.o(.text) refers to comm_task.o(.text) for TaskDataSend
    app.o(.text) refers to key_led_task.o(.text) for key_led_task
    app.o(.text) refers to honeywell_sampling_data.o(.text) for honeywell_sampling_data
    comm_task.o(.text) refers to cmd_receive.o(.text) for GetBuf2Length
    comm_task.o(.text) refers to rt_memcpy.o(.emb_text) for __aeabi_memcpy4
    comm_task.o(.text) refers to protocol_module.o(.text) for protocol_module_process
    comm_task.o(.text) refers to delay.o(.text) for delay_ms
    comm_task.o(.text) refers to rt_memclr.o(.text) for __aeabi_memclr4
    comm_task.o(.text) refers to fifo.o(.text) for fifoReadData
    comm_task.o(.text) refers to serial_port.o(.text) for UartSendNBytes
    comm_task.o(.text) refers to os_core.o(.text) for os_delay_ms
    comm_task.o(.text) refers to hardware.o(.text) for set_led
    comm_task.o(.text) refers to motor_pwm.o(.text) for Motor_PWM_Freq_Dudy_Set
    comm_task.o(.text) refers to common.o(.text) for Delay_ms
    comm_task.o(.text) refers to iwtdg.o(.text) for IWDG_Feed
    comm_task.o(.text) refers to key_led_task.o(.text) for EnterStopMode
    comm_task.o(.text) refers to stm32f0xx_gpio.o(.text) for GPIO_ReadInputDataBit
    comm_task.o(.text) refers to comm_task.o(.data) for .data
    comm_task.o(.text) refers to comm_task.o(.bss) for .bss
    comm_task.o(.text) refers to key_led_task.o(.data) for mcu_state
    comm_task.o(.text) refers to os_core.o(.data) for os_ticks
    comm_task.o(.text) refers to rt_memcpy.o(.text) for __aeabi_memcpy
    comm_task.o(.text) refers to honeywell_sampling_data.o(.text) for trans_xmmHg_2_adc_value
    comm_task.o(.text) refers to main.o(.constdata) for default_parameter_buf
    comm_task.o(.text) refers to honeywell_sampling_data.o(.data) for b_getHoneywellZeroPoint
    key_led_task.o(.text) refers to stm32f0xx_rcc.o(.text) for RCC_AHBPeriphClockCmd
    key_led_task.o(.text) refers to stm32f0xx_gpio.o(.text) for GPIO_Init
    key_led_task.o(.text) refers to stm32f0xx_syscfg.o(.text) for SYSCFG_EXTILineConfig
    key_led_task.o(.text) refers to stm32f0xx_exti.o(.text) for EXTI_Init
    key_led_task.o(.text) refers to stm32f0xx_misc.o(.text) for NVIC_Init
    key_led_task.o(.text) refers to delay.o(.text) for delay_ms
    key_led_task.o(.text) refers to iwtdg.o(.text) for Init_iWtdg
    key_led_task.o(.text) refers to os_core.o(.text) for os_init
    key_led_task.o(.text) refers to system_stm32f0xx.o(.text) for SystemInit
    key_led_task.o(.text) refers to app.o(.text) for init_task
    key_led_task.o(.text) refers to stm32f0xx_dma.o(.text) for DMA_Cmd
    key_led_task.o(.text) refers to stm32f0xx_adc.o(.text) for ADC_DMACmd
    key_led_task.o(.text) refers to stm32f0xx_usart.o(.text) for USART_Cmd
    key_led_task.o(.text) refers to comm_task.o(.text) for init_PWMState
    key_led_task.o(.text) refers to stm32f0xx_pwr.o(.text) for PWR_EnterSTOPMode
    key_led_task.o(.text) refers to protocol_module.o(.text) for record_dateTime
    key_led_task.o(.text) refers to key_led_task.o(.data) for .data
    key_led_task.o(.text) refers to os_core.o(.data) for os_ticks
    key_led_task.o(.text) refers to comm_task.o(.data) for switch_mode_cnt
    key_led_task.o(.text) refers to honeywell_sampling_data.o(.data) for honeywell_state
    key_led_task.o(.text) refers to hardware.o(.data) for RegularConvData_Tab
    honeywell_sampling_data.o(.text) refers to aeabi_sdiv.o(.text) for __aeabi_uidivmod
    honeywell_sampling_data.o(.text) refers to i2c.o(.text) for Init_honeywell_sensor
    honeywell_sampling_data.o(.text) refers to os_core.o(.text) for os_delay_ms
[...]
    .text                                    0x08002234   Section        0  motor_pwm.o(.text)
    Motor_PWM_Config                         0x08002305   Thumb Code   154  motor_pwm.o(.text)
    .text                                    0x080023b8   Section        0  rtc.o(.text)
    .text                                    0x080024c4   Section        0  os_core.o(.text)
    .text                                    0x08002578   Section       56  startup_stm32f0xx.o(.text)
    .text                                    0x080025b0   Section        0  stm32f0xx_gpio.o(.text)
    .text                                    0x0800270c   Section        0  stm32f0xx_rcc.o(.text)
    .text                                    0x08002b18   Section        0  stm32f0xx_misc.o(.text)
    .text                                    0x08002b94   Section        0  stm32f0xx_usart.o(.text)
    .text                                    0x08002ff8   Section        0  stm32f0xx_tim.o(.text)
    TI2_Config                               0x080035dd   Thumb Code    42  stm32f0xx_tim.o(.text)
    TI1_Config                               0x08003617   Thumb Code    40  stm32f0xx_tim.o(.text)
    .text                                    0x08003914   Section        0  stm32f0xx_dma.o(.text)
    .text                                    0x08003a38   Section        0  stm32f0xx_pwr.o(.text)
    .text                                    0x08003b18   Section        0  stm32f0xx_flash.o(.text)
    .text                                    0x08003f64   Section        0  stm32f0xx_adc.o(.text)
    .text                                    0x08004188   Section        0  stm32f0xx_exti.o(.text)
    .text                                    0x0800425c   Section        0  stm32f0xx_syscfg.o(.text)
    .text                                    0x080042f4   Section        0  stm32f0xx_iwdg.o(.text)
    .text                                    0x08004338   Section        0  stm32f0xx_rtc.o(.text)
    RTC_ByteToBcd2                           0x08004b63   Thumb Code    24  stm32f0xx_rtc.o(.text)
    RTC_Bcd2ToByte                           0x08004b7b   Thumb Code    16  stm32f0xx_rtc.o(.text)
    .text                                    0x08004b90   Section        0  rt_memcpy.o(.text)
    .text                                    0x08004c12   Section        0  aeabi_memset.o(.text)
    .text                                    0x08004c24   Section        0  rt_memclr.o(.text)
    .text                                    0x08004c64   Section      346  aeabi_sdiv.o(.text)
    .text                                    0x08004dbe   Section        0  heapauxi.o(.text)
    .text                                    0x08004dc4   Section       62  sys_stackheap_outer.o(.text)
    .text                                    0x08004e02   Section        0  exit.o(.text)
    .text                                    0x08004e14   Section        8  libspace.o(.text)
    .text                                    0x08004e1c   Section        0  sys_exit.o(.text)
    .text                                    0x08004e28   Section        2  use_no_semi.o(.text)
    .text                                    0x08004e2a   Section        0  indicate_semi.o(.text)
    i.__ARM_common_switch8                   0x08004e2a   Section        0  hardware.o(i.__ARM_common_switch8)
    .constdata                               0x08004e44   Section      436  main.o(.constdata)
    .data                                    0x20000000   Section       20  system_stm32f0xx.o(.data)
    .data                                    0x20000014   Section      104  comm_task.o(.data)
    PWM1_timing_flag                         0x20000014   Data           1  comm_task.o(.data)
    PWM2_timing_flag                         0x20000015   Data           1  comm_task.o(.data)
    PWM3_timing_flag                         0x20000016   Data           1  comm_task.o(.data)
    waitBeforeStart_timing_flag              0x20000017   Data           1  comm_task.o(.data)
    sPacketHeadFlag                          0x20000029   Data           1  comm_task.o(.data)
    sPacketLenFlag                           0x2000002a   Data           1  comm_task.o(.data)
    sCurPacketLen                            0x2000002b   Data           1  comm_task.o(.data)
    sResetByte                               0x2000002c   Data           1  comm_task.o(.data)
    b_timing_flag                            0x2000004c   Data           4  comm_task.o(.data)
    p_pwm_state                              0x20000064   Data           4  comm_task.o(.data)
    p_PWM_period_cnt                         0x20000068   Data           4  comm_task.o(.data)
    p_PWM_waitBetween_cnt                    0x2000006c   Data           4  comm_task.o(.data)
    p_PWM_waitAfter_cnt                      0x20000070   Data           4  comm_task.o(.data)
    p_PWM_numOfCycle                         0x20000074   Data           4  comm_task.o(.data)
    p_PWM_serial_cnt                         0x20000078   Data           4  comm_task.o(.data)
    .data                                    0x2000007c   Section        2  comm_task.o(.data)
    .data                                    0x2000007e   Section        6  key_led_task.o(.data)
    wakeup_Cnt                               0x20000083   Data           1  key_led_task.o(.data)
    .data                                    0x20000084   Section        8  honeywell_sampling_data.o(.data)
    .data                                    0x2000008c   Section        1  protocol_module.o(.data)
    .data                                    0x2000008e   Section        2  common.o(.data)
    .data                                    0x20000090   Section        4  delay.o(.data)
    fac_us                                   0x20000090   Data           1  delay.o(.data)
    fac_ms                                   0x20000092   Data           2  delay.o(.data)
    .data                                    0x20000094   Section        2  hardware.o(.data)
    .data                                    0x20000098   Section        8  rtc.o(.data)
    .data                                    0x200000a0   Section        8  os_core.o(.data)
    index                                    0x200000a4   Data           4  os_core.o(.data)
    .data                                    0x200000a8   Section       16  stm32f0xx_rcc.o(.data)
    APBAHBPrescTable                         0x200000a8   Data          16  stm32f0xx_rcc.o(.data)
    .bss                                     0x200000b8   Section     1339  comm_task.o(.bss)
    pwm1_buffer                              0x20000560   Data          49  comm_task.o(.bss)
    pwm2_buffer                              0x20000591   Data          49  comm_task.o(.bss)
    pwm3_buffer                              0x200005c2   Data          49  comm_task.o(.bss)
    .bss                                     0x200005f3   Section      248  comm_task.o(.bss)
    .bss                                     0x200006eb   Section      436  comm_task.o(.bss)
    .bss                                     0x200008a0   Section     2048  protocol_module.o(.bss)
    .bss                                     0x200010a0   Section      120  os_core.o(.bss)
    .bss                                     0x20001118   Section       96  libspace.o(.bss)
    HEAP                                     0x20001178   Section      512  startup_stm32f0xx.o(HEAP)
    Heap_Mem                                 0x20001178   Data         512  startup_stm32f0xx.o(HEAP)
    STACK                                    0x20001378   Section     1024  startup_stm32f0xx.o(STACK)
    Stack_Mem                                0x20001378   Data        1024  startup_stm32f0xx.o(STACK)
    __initial_sp                             0x20001778   Data           0  startup_stm32f0xx.o(STACK)

    Global Symbols

    Symbol Name                              Value     Ov Type        Size  Object(Section)

    BuildAttributes$$THM_ISAv3M$S$PE$A:L22$X:L11$S22$IEEE1$IW$USESV6$~STKCKD$USESV7$~SHL$OSPACE$ROPI$EBA8$UX$STANDARDLIB$REQ8$PRES8$EABIv2 0x00000000   Number         0  anon$$obj.o ABSOLUTE
    __ARM_use_no_argv                        0x00000000   Number         0  main.o ABSOLUTE
    __ARM_exceptions_init                     - Undefined Weak Reference
    __alloca_initialize                       - Undefined Weak Reference
    __arm_preinit_                            - Undefined Weak Reference
    __cpp_initialize__aeabi_                  - Undefined Weak Reference
    __cxa_finalize                            - Undefined Weak Reference
    __rt_locale                               - Undefined Weak Reference
    __sigvec_lookup                           - Undefined Weak Reference
    _atexit_init                              - Undefined Weak Reference
    _call_atexit_fns                          - Undefined Weak Reference
    _clock_init                               - Undefined Weak Reference
    _fp_trap_init                             - Undefined Weak Reference
    _fp_trap_shutdown                         - Undefined Weak Reference
    _get_lc_collate                           - Undefined Weak Reference
    _get_lc_ctype                             - Undefined Weak Reference
    _get_lc_monetary                          - Undefined Weak Reference
    _get_lc_numeric                           - Undefined Weak Reference
    _get_lc_time                              - Undefined Weak Reference
    _getenv_init                              - Undefined Weak Reference
    _handle_redirection                       - Undefined Weak Reference
    _init_alloc                               - Undefined Weak Reference
    _init_user_alloc                          - Undefined Weak Reference
    _initio                                   - Undefined Weak Reference
    _rand_init                                - Undefined Weak Reference
    _signal_finish                            - Undefined Weak Reference
    _signal_init                              - Undefined Weak Reference
    _terminate_alloc                          - Undefined Weak Reference
    _terminate_user_alloc                     - Undefined Weak Reference
    _terminateio                              - Undefined Weak Reference
    __Vectors_Size                           0x000000c0   Number         0  startup_stm32f0xx.o ABSOLUTE
    __Vectors                                0x08000000   Data           4  startup_stm32f0xx.o(RESET)
    __Vectors_End                            0x080000c0   Data           0  startup_stm32f0xx.o(RESET)
    __main                                   0x080000c1   Thumb Code     8  __main.o(!!!main)
    __scatterload                            0x080000c9   Thumb Code     0  __scatter.o(!!!scatter)
    __scatterload_rt2                        0x080000c9   Thumb Code    52  __scatter.o(!!!scatter)
    __scatterload_rt2_thumb_only             0x080000c9   Thumb Code     0  __scatter.o(!!!scatter)
    __scatterload_null                       0x080000d9   Thumb Code     0  __scatter.o(!!!scatter)
    __scatterload_copy                       0x08000105   Thumb Code    26  __scatter_copy.o(!!handler_copy)
    __scatterload_zeroinit                   0x08000121   Thumb Code    28  __scatter_zi.o(!!handler_zi)
    __rt_lib_init                            0x0800013d   Thumb Code     0  libinit.o(.ARM.Collect$$libinit$$00000000)
    __rt_lib_init_alloca_1                   0x0800013f   Thumb Code     0  libinit2.o(.ARM.Collect$$libinit$$0000002E)
    __rt_lib_init_argv_1                     0x0800013f   Thumb Code     0  libinit2.o(.ARM.Collect$$libinit$$0000002C)
    __rt_lib_init_atexit_1                   0x0800013f   Thumb Code     0  libinit2.o(.ARM.Collect$$libinit$$0000001B)
    __rt_lib_init_clock_1                    0x0800013f   Thumb Code     0  libinit2.o(.ARM.Collect$$libinit$$00000021)
    __rt_lib_init_cpp_1                      0x0800013f   Thumb Code     0  libinit2.o(.ARM.Collect$$libinit$$00000032)
    __rt_lib_init_exceptions_1               0x0800013f   Thumb Code     0  libinit2.o(.ARM.Collect$$libinit$$00000030)
    __rt_lib_init_fp_1                       0x0800013f   Thumb Code     0  libinit2.o(.ARM.Collect$$libinit$$00000002)
    __rt_lib_init_fp_trap_1                  0x0800013f   Thumb Code     0  libinit2.o(.ARM.Collect$$libinit$$0000001F)
    __rt_lib_init_getenv_1                   0x0800013f   Thumb Code     0  libinit2.o(.ARM.Collect$$libinit$$00000023)
    __rt_lib_init_heap_1                     0x0800013f   Thumb Code     0  libinit2.o(.ARM.Collect$$libinit$$0000000A)
    __rt_lib_init_lc_collate_1               0x0800013f   Thumb Code     0  libinit2.o(.ARM.Collect$$libinit$$00000011)
    __rt_lib_init_lc_ctype_1                 0x0800013f   Thumb Code     0  libinit2.o(.ARM.Collect$$libinit$$00000013)
    __rt_lib_init_lc_monetary_1              0x0800013f   Thumb Code     0  libinit2.o(.ARM.Collect$$libinit$$00000015)
    __rt_lib_init_lc_numeric_1               0x0800013f   Thumb Code     0  libinit2.o(.ARM.Collect$$libinit$$00000017)
    __rt_lib_init_lc_time_1                  0x0800013f   Thumb Code     0  libinit2.o(.ARM.Collect$$libinit$$00000019)
    __rt_lib_init_preinit_1                  0x0800013f   Thumb Code     0  libinit2.o(.ARM.Collect$$libinit$$00000004)
    __rt_lib_init_rand_1                     0x0800013f   Thumb Code     0  libinit2.o(.ARM.Collect$$libinit$$0000000E)
    __rt_lib_init_return                     0x0800013f   Thumb Code     0  libinit2.o(.ARM.Collect$$libinit$$00000033)
    __rt_lib_init_signal_1                   0x0800013f   Thumb Code     0  libinit2.o(.ARM.Collect$$libinit$$0000001D)
    __rt_lib_init_stdio_1                    0x0800013f   Thumb Code     0  libinit2.o(.ARM.Collect$$libinit$$00000025)
    __rt_lib_init_user_alloc_1               0x0800013f   Thumb Code     0  libinit2.o(.ARM.Collect$$libinit$$0000000C)
    __rt_lib_shutdown                        0x08000141   Thumb Code     0  libshutdown.o(.ARM.Collect$$libshutdown$$00000000)
    __rt_lib_shutdown_cpp_1                  0x08000143   Thumb Code     0  libshutdown2.o(.ARM.Collect$$libshutdown$$00000002)
    __rt_lib_shutdown_fp_trap_1              0x08000143   Thumb Code     0  libshutdown2.o(.ARM.Collect$$libshutdown$$00000007)
    __rt_lib_shutdown_heap_1                 0x08000143   Thumb Code     0  libshutdown2.o(.ARM.Collect$$libshutdown$$0000000F)
    __rt_lib_shutdown_return                 0x08000143   Thumb Code     0  libshutdown2.o(.ARM.Collect$$libshutdown$$00000010)
    __rt_lib_shutdown_signal_1               0x08000143   Thumb Code     0  libshutdown2.o(.ARM.Collect$$libshutdown$$0000000A)
    __rt_lib_shutdown_stdio_1                0x08000143   Thumb Code     0  libshutdown2.o(.ARM.Collect$$libshutdown$$00000004)
    __rt_lib_shutdown_user_alloc_1           0x08000143   Thumb Code     0  libshutdown2.o(.ARM.Collect$$libshutdown$$0000000C)
    __rt_entry                               0x08000145   Thumb Code     0  __rtentry.o(.ARM.Collect$$rtentry$$00000000)
    __rt_entry_presh_1                       0x08000145   Thumb Code     0  __rtentry2.o(.ARM.Collect$$rtentry$$00000002)
    __rt_entry_sh                            0x08000145   Thumb Code     0  __rtentry4.o(.ARM.Collect$$rtentry$$00000004)
    __rt_entry_li                            0x0800014b   Thumb Code     0  __rtentry2.o(.ARM.Collect$$rtentry$$0000000A)
    __rt_entry_postsh_1                      0x0800014b   Thumb Code     0  __rtentry2.o(.ARM.Collect$$rtentry$$00000009)
    __rt_entry_main                          0x0800014f   Thumb Code     0  __rtentry2.o(.ARM.Collect$$rtentry$$0000000D)
    __rt_entry_postli_1                      0x0800014f   Thumb Code     0  __rtentry2.o(.ARM.Collect$$rtentry$$0000000C)
    __rt_exit                                0x08000157   Thumb Code     0  rtexit.o(.ARM.Collect$$rtexit$$00000000)
    __rt_exit_ls                             0x08000159   Thumb Code     0  rtexit2.o(.ARM.Collect$$rtexit$$00000003)
    __rt_exit_prels_1                        0x08000159   Thumb Code     0  rtexit2.o(.ARM.Collect$$rtexit$$00000002)
    __rt_exit_exit                           0x0800015d   Thumb Code     0  rtexit2.o(.ARM.Collect$$rtexit$$00000004)
    __aeabi_memcpy4                          0x08000165   Thumb Code    56  rt_memcpy.o(.emb_text)
    __aeabi_memcpy8                          0x08000165   Thumb Code     0  rt_memcpy.o(.emb_text)
    main                                     0x0800019d   Thumb Code    36  main.o(.text)
    NMI_Handler                              0x080001c5   Thumb Code     2  stm32f0xx_it.o(.text)
    HardFault_Handler                        0x080001c7   Thumb Code     2  stm32f0xx_it.o(.text)
    SVC_Handler                              0x080001c9   Thumb Code     2  stm32f0xx_it.o(.text)
    PendSV_Handler                           0x080001cb   Thumb Code     2  stm32f0xx_it.o(.text)
    SysTick_Handler                          0x080001cd   Thumb Code     2  stm32f0xx_it.o(.text)
    TIM16_IRQHandler                         0x080001cf   Thumb Code    30  stm32f0xx_it.o(.text)
    SystemInit                               0x080001f1   Thumb Code    84  system_stm32f0xx.o(.text)
    SystemCoreClockUpdate                    0x08000245   Thumb Code    90  system_stm32f0xx.o(.text)
    Init_iWtdg                               0x0800032d   Thumb Code    34  iwtdg.o(.text)
    IWDG_Feed                                0x0800034f   Thumb Code     8  iwtdg.o(.text)
    init_task                                0x0800035d   Thumb Code   114  app.o(.text)
    test_task                                0x080003cf   Thumb Code    12  app.o(.text)
    init_PWMState                            0x08000405   Thumb Code    54  comm_task.o(.text)
    CalcCheckSum                             0x0800043b   Thumb Code    34  comm_task.o(.text)
    TaskDataSend                             0x0800051f   Thumb Code    64  comm_task.o(.text)
    Is_timing_Xmillisec                      0x0800055f   Thumb Code   122  comm_task.o(.text)
    bat_check                                0x080005d9   Thumb Code   338  comm_task.o(.text)
    get_switch_mode                          0x0800072b   Thumb Code   242  comm_task.o(.text)
    PaintPWM                                 0x0800081d   Thumb Code   456  comm_task.o(.text)
    ResetParameter                           0x080009e5   Thumb Code    32  comm_task.o(.text)
    CheckFlashData                           0x08000a05   Thumb Code    88  comm_task.o(.text)
    FillUpPWMbuffer                          0x08000a5d   Thumb Code    52  comm_task.o(.text)
    get_pressure_sensor_rate                 0x08000a91   Thumb Code    42  comm_task.o(.text)
    check_selectedMode_ouputPWM              0x08000abb   Thumb Code   638  comm_task.o(.text)
    CMD_ProcessTask                          0x08000d39   Thumb Code    30  comm_task.o(.text)
    CfgPA4ASWFI                              0x08000d69   Thumb Code   104  key_led_task.o(.text)
    Check_wakeUpKey_pressed                  0x08000dd1   Thumb Code    44  key_led_task.o(.text)
    EXTI4_15_IRQHandler                      0x08000dfd   Thumb Code    30  key_led_task.o(.text)
    init_system_afterWakeUp                  0x08000e1b   Thumb Code    34  key_led_task.o(.text)
    CfgALLPins4StopMode                      0x08000e3d   Thumb Code   356  key_led_task.o(.text)
    init_global_variant                      0x08000fa1   Thumb Code    64  key_led_task.o(.text)
    EnterStopMode                            0x08000fe1   Thumb Code    36  key_led_task.o(.text)
    Check_Bat                                0x08001005   Thumb Code    44  key_led_task.o(.text)
    key_led_task                             0x08001031   Thumb Code   152  key_led_task.o(.text)
    trans_xmmHg_2_adc_value                  0x08001139   Thumb Code    32  honeywell_sampling_data.o(.text)
    honeywell_sampling_data                  0x08001159   Thumb Code    72  honeywell_sampling_data.o(.text)
    protocol_module_send_train_data_check_sum 0x080011ad   Thumb Code    58  protocol_module.o(.text)
    get_comm_para_to_buf                     0x080011e7   Thumb Code    48  protocol_module.o(.text)
    FlashWrite                               0x08001217   Thumb Code    80  protocol_module.o(.text)
    get_parameter_to_buf_by_frameId          0x08001267   Thumb Code   458  protocol_module.o(.text)
    send_para_rcv_result                     0x08001431   Thumb Code    48  protocol_module.o(.text)
    FlashReadWord                            0x08001461   Thumb Code     4  protocol_module.o(.text)
    FlashRead                                0x08001465   Thumb Code    26  protocol_module.o(.text)
    send_prameter_fram1_to_PC                0x0800147f   Thumb Code   118  protocol_module.o(.text)
    send_prameter_fram2_to_PC                0x080014f5   Thumb Code    76  protocol_module.o(.text)
    FlashReadByte                            0x08001541   Thumb Code     4  protocol_module.o(.text)
    abs_                                     0x08001545   Thumb Code    14  protocol_module.o(.text)
    cal_pressure_rate                        0x08001553   Thumb Code    64  protocol_module.o(.text)
    FlashWriteUIntBuffer                     0x08001593   Thumb Code    82  protocol_module.o(.text)
    reset_dateTime                           0x080015e5   Thumb Code    58  protocol_module.o(.text)
    Init_RecordPage                          0x0800161f   Thumb Code    60  protocol_module.o(.text)
    record_dateTime                          0x0800165b   Thumb Code   166  protocol_module.o(.text)
    get_rtc_record_number                    0x08001701   Thumb Code    24  protocol_module.o(.text)
    send_RTC_SYN_finish                      0x08001719   Thumb Code    42  protocol_module.o(.text)
    send_RTC_record_numbers                  0x08001743   Thumb Code    60  protocol_module.o(.text)
    get_page_num                             0x0800177f   Thumb Code    18  protocol_module.o(.text)
    send_one_frame_data                      0x08001791   Thumb Code    90  protocol_module.o(.text)
    send_rtc_info                            0x080017eb   Thumb Code   226  protocol_module.o(.text)
    getFrameNo                               0x080018cd   Thumb Code    16  protocol_module.o(.text)
    protocol_module_process                  0x080018dd   Thumb Code   152  protocol_module.o(.text)
    Delay                                    0x08001989   Thumb Code    10  common.o(.text)
    Delay_us                                 0x08001993   Thumb Code     8  common.o(.text)
    Delay_ms                                 0x0800199b   Thumb Code    10  common.o(.text)
    delay_init                               0x080019a9   Thumb Code    36  delay.o(.text)
    delay_us                                 0x080019cd   Thumb Code    46  delay.o(.text)
    delay_ms                                 0x080019fb   Thumb Code    46  delay.o(.text)
    fifoInit                                 0x08001a39   Thumb Code    14  fifo.o(.text)
    fifoReset                                0x08001a47   Thumb Code    10  fifo.o(.text)
    fifoIsFull                               0x08001a51   Thumb Code    16  fifo.o(.text)
    fifoCnt                                  0x08001a61   Thumb Code     4  fifo.o(.text)
    fifoWriteData                            0x08001a65   Thumb Code    64  fifo.o(.text)
    fifoReadData                             0x08001aa5   Thumb Code    58  fifo.o(.text)
    Init_Receive                             0x08001adf   Thumb Code    14  cmd_receive.o(.text)
    Buf2Write                                0x08001aed   Thumb Code    20  cmd_receive.o(.text)
    Buf2Read                                 0x08001b01   Thumb Code    20  cmd_receive.o(.text)
    GetBuf2Length                            0x08001b15   Thumb Code    14  cmd_receive.o(.text)
    ReceiveData                              0x08001b23   Thumb Code    78  cmd_receive.o(.text)
    UARTInit                                 0x08001b71   Thumb Code   242  serial_port.o(.text)
    UartSendNBytes                           0x08001c63   Thumb Code    24  serial_port.o(.text)
    GetUartReceiverResidualCnt               0x08001c7b   Thumb Code    12  serial_port.o(.text)
    I2C_uConfiguration                       0x08001c91   Thumb Code    40  i2c.o(.text)
    I2C_SDA_OUT                              0x08001cb9   Thumb Code    34  i2c.o(.text)
    I2C_SDA_IN                               0x08001cdb   Thumb Code    34  i2c.o(.text)
    I2C_Start                                0x08001cfd   Thumb Code    40  i2c.o(.text)
    I2C_Stop                                 0x08001d25   Thumb Code    34  i2c.o(.text)
    I2C_SendAck                              0x08001d47   Thumb Code    38  i2c.o(.text)
    I2C_SendNak                              0x08001d6d   Thumb Code    38  i2c.o(.text)
    I2C_RecAck                               0x08001d93   Thumb Code    68  i2c.o(.text)
    I2C_SendByte                             0x08001dd7   Thumb Code    66  i2c.o(.text)
    I2C_RecByte                              0x08001e19   Thumb Code    60  i2c.o(.text)
    Init_honeywell_sensor                    0x08001e55   Thumb Code    56  i2c.o(.text)
    Is_honeywell_free                        0x08001e8d   Thumb Code    42  i2c.o(.text)
    honeywell_readByte                       0x08001eb7   Thumb Code    68  i2c.o(.text)
    init_tim                                 0x08001f05   Thumb Code    94  hardware.o(.text)
    Init_PWRSAVE                             0x08001f63   Thumb Code    42  hardware.o(.text)
    set_led                                  0x08001f8d   Thumb Code   104  hardware.o(.text)
    show_mode_LED                            0x08001ff5   Thumb Code    88  hardware.o(.text)
    Init_LED                                 0x0800204d   Thumb Code    88  hardware.o(.text)
    Init_PWR_SAVE                            0x080020a5   Thumb Code    42  hardware.o(.text)
    Init_KEY_MODE                            0x080020cf   Thumb Code    30  hardware.o(.text)
    Init_ADC1                                0x080020ed   Thumb Code   214  hardware.o(.text)
    init_hardware                            0x080021c3   Thumb Code    34  hardware.o(.text)
    save_one_page_to_flash                   0x080021e5   Thumb Code     4  hardware.o(.text)
    read_one_page_from_flash                 0x080021e9   Thumb Code     2  hardware.o(.text)
    save_half_word_to_flash                  0x080021eb   Thumb Code     4  hardware.o(.text)
    read_half_word_from_flash                0x080021ef   Thumb Code     2  hardware.o(.text)
    save_half_word_buf_to_eeprom             0x080021f1   Thumb Code     4  hardware.o(.text)
    read_half_word_buf_from_eeprom           0x080021f5   Thumb Code     2  hardware.o(.text)
    Key_WakeUp_Init                          0x080021f7   Thumb Code    30  hardware.o(.text)
    Motor_PWM_Init                           0x08002235   Thumb Code    82  motor_pwm.o(.text)
    Motor_PWM_Freq_Dudy_Set                  0x08002287   Thumb Code   126  motor_pwm.o(.text)
    Get_DataTime                             0x080023b9   Thumb Code    20  rtc.o(.text)
    chage_to_RCT_month                       0x080023cd   Thumb Code    24  rtc.o(.text)
    RTC_Config                               0x080023e5   Thumb Code    62  rtc.o(.text)
    Set_RTC                                  0x08002423   Thumb Code   158  rtc.o(.text)
    os_start                                 0x080024c5   Thumb Code    54  os_core.o(.text)
    os_create_task                           0x080024fb   Thumb Code    26  os_core.o(.text)
    os_resume_task                           0x08002515   Thumb Code    18  os_core.o(.text)
    os_pend_task                             0x08002527   Thumb Code    18  os_core.o(.text)
    os_delay_ms                              0x08002539   Thumb Code    38  os_core.o(.text)
    os_isr_ticks                             0x0800255f   Thumb Code    10  os_core.o(.text)
    os_init                                  0x08002569   Thumb Code     8  os_core.o(.text)
    Reset_Handler                            0x08002579   Thumb Code     8  startup_stm32f0xx.o(.text)
    ADC1_COMP_IRQHandler                     0x0800258b   Thumb Code     0  startup_stm32f0xx.o(.text)
    CEC_IRQHandler                           0x0800258b   Thumb Code     0  startup_stm32f0xx.o(.text)
    DMA1_Channel1_IRQHandler                 0x0800258b   Thumb Code     0  startup_stm32f0xx.o(.text)
    DMA1_Channel2_3_IRQHandler               0x0800258b   Thumb Code     0  startup_stm32f0xx.o(.text)
    DMA1_Channel4_5_IRQHandler               0x0800258b   Thumb Code     0  startup_stm32f0xx.o(.text)
    EXTI0_1_IRQHandler                       0x0800258b   Thumb Code     0  startup_stm32f0xx.o(.text)
    EXTI2_3_IRQHandler                       0x0800258b   Thumb Code     0  startup_stm32f0xx.o(.text)
    FLASH_IRQHandler                         0x0800258b   Thumb Code     0  startup_stm32f0xx.o(.text)
    I2C1_IRQHandler                          0x0800258b   Thumb Code     0  startup_stm32f0xx.o(.text)
    I2C2_IRQHandler                          0x0800258b   Thumb Code     0  startup_stm32f0xx.o(.text)
    PVD_IRQHandler                           0x0800258b   Thumb Code     0  startup_stm32f0xx.o(.text)
    RCC_IRQHandler                           0x0800258b   Thumb Code     0  startup_stm32f0xx.o(.text)
    RTC_IRQHandler                           0x0800258b   Thumb Code     0  startup_stm32f0xx.o(.text)
    SPI1_IRQHandler                          0x0800258b   Thumb Code     0  startup_stm32f0xx.o(.text)
    SPI2_IRQHandler                          0x0800258b   Thumb Code     0  startup_stm32f0xx.o(.text)
    TIM14_IRQHandler                         0x0800258b   Thumb Code     0  startup_stm32f0xx.o(.text)
    TIM15_IRQHandler                         0x0800258b   Thumb Code     0  startup_stm32f0xx.o(.text)
    TIM17_IRQHandler                         0x0800258b   Thumb Code     0  startup_stm32f0xx.o(.text)
    TIM1_BRK_UP_TRG_COM_IRQHandler           0x0800258b   Thumb Code     0  startup_stm32f0xx.o(.text)
    TIM1_CC_IRQHandler                       0x0800258b   Thumb Code     0  startup_stm32f0xx.o(.text)
    TIM2_IRQHandler                          0x0800258b   Thumb Code     0  startup_stm32f0xx.o(.text)
    TIM3_IRQHandler                          0x0800258b   Thumb Code     0  startup_stm32f0xx.o(.text)
    TIM6_DAC_IRQHandler                      0x0800258b   Thumb Code     0  startup_stm32f0xx.o(.text)
    TS_IRQHandler                            0x0800258b   Thumb Code     0  startup_stm32f0xx.o(.text)
    USART1_IRQHandler                        0x0800258b   Thumb Code     0  startup_stm32f0xx.o(.text)
    USART2_IRQHandler                        0x0800258b   Thumb Code     0  startup_stm32f0xx.o(.text)
    WWDG_IRQHandler                          0x0800258b   Thumb Code     0  startup_stm32f0xx.o(.text)
    __user_initial_stackheap                 0x0800258d   Thumb Code     0  startup_stm32f0xx.o(.text)
    GPIO_DeInit                              0x080025b1   Thumb Code    78  stm32f0xx_gpio.o(.text)
    GPIO_Init                                0x080025ff   Thumb Code   112  stm32f0xx_gpio.o(.text)
    GPIO_StructInit                          0x0800266f   Thumb Code    18  stm32f0xx_gpio.o(.text)
    GPIO_PinLockConfig                       0x08002681   Thumb Code    26  stm32f0xx_gpio.o(.text)
    GPIO_ReadInputDataBit                    0x0800269b   Thumb Code    14  stm32f0xx_gpio.o(.text)
    GPIO_ReadInputData                       0x080026a9   Thumb Code     4  stm32f0xx_gpio.o(.text)
    GPIO_ReadOutputDataBit                   0x080026ad   Thumb Code    14  stm32f0xx_gpio.o(.text)
    GPIO_ReadOutputData                      0x080026bb   Thumb Code     4  stm32f0xx_gpio.o(.text)
    GPIO_SetBits                             0x080026bf   Thumb Code     4  stm32f0xx_gpio.o(.text)
    GPIO_ResetBits                           0x080026c3   Thumb Code     4  stm32f0xx_gpio.o(.text)
    GPIO_WriteBit                            0x080026c7   Thumb Code    12  stm32f0xx_gpio.o(.text)
    GPIO_Write                               0x080026d3   Thumb Code     4  stm32f0xx_gpio.o(.text)
    GPIO_PinAFConfig                         0x080026d7   Thumb Code    32  stm32f0xx_gpio.o(.text)
    RCC_DeInit                               0x0800270d   Thumb Code    78  stm32f0xx_rcc.o(.text)
    RCC_HSEConfig                            0x0800275b   Thumb Code    10  stm32f0xx_rcc.o(.text)
    RCC_GetFlagStatus                        0x08002765   Thumb Code    48  stm32f0xx_rcc.o(.text)
    RCC_WaitForHSEStartUp                    0x08002795   Thumb Code    44  stm32f0xx_rcc.o(.text)
    RCC_AdjustHSICalibrationValue            0x080027c1   Thumb Code    16  stm32f0xx_rcc.o(.text)
    RCC_HSICmd                               0x080027d1   Thumb Code    22  stm32f0xx_rcc.o(.text)
    RCC_AdjustHSI14CalibrationValue          0x080027e7   Thumb Code    16  stm32f0xx_rcc.o(.text)
    RCC_HSI14Cmd                             0x080027f7   Thumb Code    22  stm32f0xx_rcc.o(.text)
    RCC_HSI14ADCRequestCmd                   0x0800280d   Thumb Code    20  stm32f0xx_rcc.o(.text)
    RCC_LSEConfig                            0x08002821   Thumb Code    26  stm32f0xx_rcc.o(.text)
    RCC_LSEDriveConfig                       0x0800283b   Thumb Code    18  stm32f0xx_rcc.o(.text)
    RCC_LSICmd                               0x0800284d   Thumb Code    22  stm32f0xx_rcc.o(.text)
    RCC_PLLConfig                            0x08002863   Thumb Code    24  stm32f0xx_rcc.o(.text)
    RCC_PLLCmd                               0x0800287b   Thumb Code    22  stm32f0xx_rcc.o(.text)
    RCC_PREDIV1Config                        0x08002891   Thumb Code    14  stm32f0xx_rcc.o(.text)
    RCC_ClockSecuritySystemCmd               0x0800289f   Thumb Code    22  stm32f0xx_rcc.o(.text)
    RCC_MCOConfig                            0x080028b5   Thumb Code     6  stm32f0xx_rcc.o(.text)
    RCC_SYSCLKConfig                         0x080028bb   Thumb Code    14  stm32f0xx_rcc.o(.text)
    RCC_GetSYSCLKSource                      0x080028c9   Thumb Code    10  stm32f0xx_rcc.o(.text)
    RCC_HCLKConfig                           0x080028d3   Thumb Code    14  stm32f0xx_rcc.o(.text)
    RCC_PCLKConfig                           0x080028e1   Thumb Code    16  stm32f0xx_rcc.o(.text)
    RCC_ADCCLKConfig                         0x080028f1   Thumb Code    38  stm32f0xx_rcc.o(.text)
    RCC_CECCLKConfig                         0x08002917   Thumb Code    18  stm32f0xx_rcc.o(.text)
    RCC_I2CCLKConfig                         0x08002929   Thumb Code    18  stm32f0xx_rcc.o(.text)
    RCC_USARTCLKConfig                       0x0800293b   Thumb Code    18  stm32f0xx_rcc.o(.text)
    RCC_GetClocksFreq                        0x0800294d   Thumb Code   208  stm32f0xx_rcc.o(.text)
    RCC_RTCCLKConfig                         0x08002a1d   Thumb Code    10  stm32f0xx_rcc.o(.text)
    RCC_RTCCLKCmd                            0x08002a27   Thumb Code    20  stm32f0xx_rcc.o(.text)
    RCC_BackupResetCmd                       0x08002a3b   Thumb Code    22  stm32f0xx_rcc.o(.text)
    RCC_AHBPeriphClockCmd                    0x08002a51   Thumb Code    18  stm32f0xx_rcc.o(.text)
    RCC_APB2PeriphClockCmd                   0x08002a63   Thumb Code    18  stm32f0xx_rcc.o(.text)
    RCC_APB1PeriphClockCmd                   0x08002a75   Thumb Code    18  stm32f0xx_rcc.o(.text)
    RCC_AHBPeriphResetCmd                    0x08002a87   Thumb Code    18  stm32f0xx_rcc.o(.text)
    RCC_APB2PeriphResetCmd                   0x08002a99   Thumb Code    18  stm32f0xx_rcc.o(.text)
    RCC_APB1PeriphResetCmd                   0x08002aab   Thumb Code    18  stm32f0xx_rcc.o(.text)
    RCC_ITConfig                             0x08002abd   Thumb Code    18  stm32f0xx_rcc.o(.text)
    RCC_ClearFlag                            0x08002acf   Thumb Code    14  stm32f0xx_rcc.o(.text)
    RCC_GetITStatus                          0x08002add   Thumb Code    48  stm32f0xx_rcc.o(.text)
    RCC_ClearITPendingBit                    0x08002b0d   Thumb Code     6  stm32f0xx_rcc.o(.text)
    NVIC_Init                                0x08002b19   Thumb Code    70  stm32f0xx_misc.o(.text)
    NVIC_SystemLPConfig                      0x08002b5f   Thumb Code    18  stm32f0xx_misc.o(.text)
    SysTick_CLKSourceConfig                  0x08002b71   Thumb Code    20  stm32f0xx_misc.o(.text)
    USART_DeInit                             0x08002b95   Thumb Code    54  stm32f0xx_usart.o(.text)
    USART_Init                               0x08002bcb   Thumb Code   166  stm32f0xx_usart.o(.text)
    USART_StructInit                         0x08002c71   Thumb Code    22  stm32f0xx_usart.o(.text)
    USART_ClockInit                          0x08002c87   Thumb Code    28  stm32f0xx_usart.o(.text)
    USART_ClockStructInit                    0x08002ca3   Thumb Code    12  stm32f0xx_usart.o(.text)
    USART_Cmd                                0x08002caf   Thumb Code    20  stm32f0xx_usart.o(.text)
    USART_DirectionModeCmd                   0x08002cc3   Thumb Code    16  stm32f0xx_usart.o(.text)
    USART_OverSampling8Cmd                   0x08002cd3   Thumb Code    20  stm32f0xx_usart.o(.text)
    USART_OneBitMethodCmd                    0x08002ce7   Thumb Code    20  stm32f0xx_usart.o(.text)
    USART_MSBFirstCmd                        0x08002cfb   Thumb Code    20  stm32f0xx_usart.o(.text)
    USART_DataInvCmd                         0x08002d0f   Thumb Code    20  stm32f0xx_usart.o(.text)
    USART_InvPinCmd                          0x08002d23   Thumb Code    16  stm32f0xx_usart.o(.text)
    USART_SWAPPinCmd                         0x08002d33   Thumb Code    20  stm32f0xx_usart.o(.text)
    USART_ReceiverTimeOutCmd                 0x08002d47   Thumb Code    20  stm32f0xx_usart.o(.text)
    USART_SetReceiverTimeOut                 0x08002d5b   Thumb Code    16  stm32f0xx_usart.o(.text)
    USART_SetPrescaler                       0x08002d6b   Thumb Code    16  stm32f0xx_usart.o(.text)
    USART_STOPModeCmd                        0x08002d7b   Thumb Code    18  stm32f0xx_usart.o(.text)
    USART_StopModeWakeUpSourceConfig         0x08002d8d   Thumb Code    18  stm32f0xx_usart.o(.text)
    USART_AutoBaudRateCmd                    0x08002d9f   Thumb Code    20  stm32f0xx_usart.o(.text)
    USART_AutoBaudRateConfig                 0x08002db3   Thumb Code    18  stm32f0xx_usart.o(.text)
    USART_AutoBaudRateNewRequest             0x08002dc5   Thumb Code    12  stm32f0xx_usart.o(.text)
    USART_SendData                           0x08002dd1   Thumb Code     8  stm32f0xx_usart.o(.text)
    USART_ReceiveData                        0x08002dd9   Thumb Code     8  stm32f0xx_usart.o(.text)
    USART_SetAddress                         0x08002de1   Thumb Code    18  stm32f0xx_usart.o(.text)
    USART_MuteModeCmd                        0x08002df3   Thumb Code    20  stm32f0xx_usart.o(.text)
    USART_MuteModeWakeUpConfig               0x08002e07   Thumb Code    18  stm32f0xx_usart.o(.text)
    USART_AddressDetectionConfig             0x08002e19   Thumb Code    16  stm32f0xx_usart.o(.text)
    USART_LINBreakDetectLengthConfig         0x08002e29   Thumb Code    16  stm32f0xx_usart.o(.text)
    USART_LINCmd                             0x08002e39   Thumb Code    20  stm32f0xx_usart.o(.text)
    USART_HalfDuplexCmd                      0x08002e4d   Thumb Code    18  stm32f0xx_usart.o(.text)
    USART_SetGuardTime                       0x08002e5f   Thumb Code    16  stm32f0xx_usart.o(.text)
    USART_SmartCardCmd                       0x08002e6f   Thumb Code    18  stm32f0xx_usart.o(.text)
    USART_SmartCardNACKCmd                   0x08002e81   Thumb Code    18  stm32f0xx_usart.o(.text)
    USART_SetAutoRetryCount                  0x08002e93   Thumb Code    20  stm32f0xx_usart.o(.text)
    USART_SetBlockLength                     0x08002ea7   Thumb Code    18  stm32f0xx_usart.o(.text)
    USART_IrDAConfig                         0x08002eb9   Thumb Code    16  stm32f0xx_usart.o(.text)
    USART_IrDACmd                            0x08002ec9   Thumb Code    18  stm32f0xx_usart.o(.text)
    USART_DECmd                              0x08002edb   Thumb Code    20  stm32f0xx_usart.o(.text)
    USART_DEPolarityConfig                   0x08002eef   Thumb Code    18  stm32f0xx_usart.o(.text)
    USART_SetDEAssertionTime                 0x08002f01   Thumb Code    20  stm32f0xx_usart.o(.text)
    USART_SetDEDeassertionTime               0x08002f15   Thumb Code    20  stm32f0xx_usart.o(.text)
    USART_DMACmd                             0x08002f29   Thumb Code    16  stm32f0xx_usart.o(.text)
    USART_DMAReceptionErrorConfig            0x08002f39   Thumb Code    18  stm32f0xx_usart.o(.text)
    USART_ITConfig                           0x08002f4b   Thumb Code    54  stm32f0xx_usart.o(.text)
    USART_RequestCmd                         0x08002f81   Thumb Code    16  stm32f0xx_usart.o(.text)
    USART_OverrunDetectionConfig             0x08002f91   Thumb Code    18  stm32f0xx_usart.o(.text)
    USART_GetFlagStatus                      0x08002fa3   Thumb Code    14  stm32f0xx_usart.o(.text)
    USART_ClearFlag                          0x08002fb1   Thumb Code     4  stm32f0xx_usart.o(.text)
    USART_GetITStatus                        0x08002fb5   Thumb Code    56  stm32f0xx_usart.o(.text)
    USART_ClearITPendingBit                  0x08002fed   Thumb Code    10  stm32f0xx_usart.o(.text)
    TIM_DeInit                               0x08002ff9   Thumb Code   152  stm32f0xx_tim.o(.text)
    TIM_TimeBaseInit                         0x08003091   Thumb Code    88  stm32f0xx_tim.o(.text)
    TIM_TimeBaseStructInit                   0x080030e9   Thumb Code    18  stm32f0xx_tim.o(.text)
    TIM_PrescalerConfig                      0x080030fb   Thumb Code     6  stm32f0xx_tim.o(.text)
    TIM_CounterModeConfig                    0x08003101   Thumb Code    12  stm32f0xx_tim.o(.text)
    TIM_SetCounter                           0x0800310d   Thumb Code     4  stm32f0xx_tim.o(.text)
    TIM_SetAutoreload                        0x08003111   Thumb Code     4  stm32f0xx_tim.o(.text)
    TIM_GetCounter                           0x08003115   Thumb Code     4  stm32f0xx_tim.o(.text)
    TIM_GetPrescaler                         0x08003119   Thumb Code     4  stm32f0xx_tim.o(.text)
    TIM_UpdateDisableConfig                  0x0800311d   Thumb Code    18  stm32f0xx_tim.o(.text)
    TIM_UpdateRequestConfig                  0x0800312f   Thumb Code    18  stm32f0xx_tim.o(.text)
    TIM_ARRPreloadConfig                     0x08003141   Thumb Code    18  stm32f0xx_tim.o(.text)
    TIM_SelectOnePulseMode                   0x08003153   Thumb Code    16  stm32f0xx_tim.o(.text)
    TIM_SetClockDivision                     0x08003163   Thumb Code    16  stm32f0xx_tim.o(.text)
    TIM_Cmd                                  0x08003173   Thumb Code    20  stm32f0xx_tim.o(.text)
    TIM_BDTRConfig                           0x08003187   Thumb Code    34  stm32f0xx_tim.o(.text)
    TIM_BDTRStructInit                       0x080031a9   Thumb Code    18  stm32f0xx_tim.o(.text)
    TIM_CtrlPWMOutputs                       0x080031bb   Thumb Code    24  stm32f0xx_tim.o(.text)
    TIM_OC1Init                              0x080031d3   Thumb Code   104  stm32f0xx_tim.o(.text)
    TIM_OC2Init                              0x0800323b   Thumb Code   110  stm32f0xx_tim.o(.text)
    TIM_OC3Init                              0x080032a9   Thumb Code   110  stm32f0xx_tim.o(.text)
    TIM_OC4Init                              0x08003317   Thumb Code    78  stm32f0xx_tim.o(.text)
    TIM_OCStructInit                         0x08003365   Thumb Code    20  stm32f0xx_tim.o(.text)
    TIM_SelectOCxM                           0x08003379   Thumb Code    70  stm32f0xx_tim.o(.text)
    TIM_SetCompare1                          0x080033bf   Thumb Code     4  stm32f0xx_tim.o(.text)
    TIM_SetCompare2                          0x080033c3   Thumb Code     4  stm32f0xx_tim.o(.text)
    TIM_SetCompare3                          0x080033c7   Thumb Code     4  stm32f0xx_tim.o(.text)
    TIM_SetCompare4                          0x080033cb   Thumb Code     4  stm32f0xx_tim.o(.text)
    TIM_ForcedOC1Config                      0x080033cf   Thumb Code    86  stm32f0xx_tim.o(.text)
    TIM_ForcedOC2Config                      0x08003425   Thumb Code    14  stm32f0xx_tim.o(.text)
    TIM_ForcedOC3Config                      0x08003433   Thumb Code    12  stm32f0xx_tim.o(.text)
    TIM_ForcedOC4Config                      0x0800343f   Thumb Code    14  stm32f0xx_tim.o(.text)
    TIM_CCPreloadControl                     0x0800344d   Thumb Code    20  stm32f0xx_tim.o(.text)
    TIM_OC1PreloadConfig                     0x08003461   Thumb Code    12  stm32f0xx_tim.o(.text)
    TIM_OC2PreloadConfig                     0x0800346d   Thumb Code    14  stm32f0xx_tim.o(.text)
    TIM_OC3PreloadConfig                     0x0800347b   Thumb Code    12  stm32f0xx_tim.o(.text)
    TIM_OC4PreloadConfig                     0x08003487   Thumb Code    14  stm32f0xx_tim.o(.text)
    TIM_OC1FastConfig                        0x08003495   Thumb Code    12  stm32f0xx_tim.o(.text)
    TIM_OC2FastConfig                        0x080034a1   Thumb Code    14  stm32f0xx_tim.o(.text)
    TIM_OC3FastConfig                        0x080034af   Thumb Code    12  stm32f0xx_tim.o(.text)
    TIM_OC4FastConfig                        0x080034bb   Thumb Code    14  stm32f0xx_tim.o(.text)
    TIM_ClearOC1Ref                          0x080034c9   Thumb Code    12  stm32f0xx_tim.o(.text)
    TIM_ClearOC2Ref                          0x080034d5   Thumb Code    14  stm32f0xx_tim.o(.text)
    TIM_ClearOC3Ref                          0x080034e3   Thumb Code    12  stm32f0xx_tim.o(.text)
    TIM_ClearOC4Ref                          0x080034ef   Thumb Code    14  stm32f0xx_tim.o(.text)
    TIM_OC1PolarityConfig                    0x080034fd   Thumb Code    12  stm32f0xx_tim.o(.text)
    TIM_OC1NPolarityConfig                   0x08003509   Thumb Code    12  stm32f0xx_tim.o(.text)
    TIM_OC2PolarityConfig                    0x08003515   Thumb Code    14  stm32f0xx_tim.o(.text)
    TIM_OC2NPolarityConfig                   0x08003523   Thumb Code    14  stm32f0xx_tim.o(.text)
    TIM_OC3PolarityConfig                    0x08003531   Thumb Code    14  stm32f0xx_tim.o(.text)
    TIM_OC3NPolarityConfig                   0x0800353f   Thumb Code    14  stm32f0xx_tim.o(.text)
    TIM_OC4PolarityConfig                    0x0800354d   Thumb Code    14  stm32f0xx_tim.o(.text)
    TIM_SelectOCREFClear                     0x0800355b   Thumb Code    16  stm32f0xx_tim.o(.text)
    TIM_CCxCmd                               0x0800356b   Thumb Code    22  stm32f0xx_tim.o(.text)
    TIM_CCxNCmd                              0x08003581   Thumb Code    22  stm32f0xx_tim.o(.text)
    TIM_SelectCOM                            0x08003597   Thumb Code    18  stm32f0xx_tim.o(.text)
    TIM_SetIC4Prescaler                      0x080035a9   Thumb Code    18  stm32f0xx_tim.o(.text)
    TIM_SetIC3Prescaler                      0x080035bb   Thumb Code    16  stm32f0xx_tim.o(.text)
    TIM_SetIC2Prescaler                      0x080035cb   Thumb Code    18  stm32f0xx_tim.o(.text)
    TIM_SetIC1Prescaler                      0x08003607   Thumb Code    16  stm32f0xx_tim.o(.text)
    TIM_ICInit                               0x0800363f   Thumb Code   162  stm32f0xx_tim.o(.text)
    TIM_ICStructInit                         0x080036e1   Thumb Code    16  stm32f0xx_tim.o(.text)
    TIM_PWMIConfig                           0x080036f1   Thumb Code   104  stm32f0xx_tim.o(.text)
    TIM_GetCapture1                          0x08003759   Thumb Code     4  stm32f0xx_tim.o(.text)
    TIM_GetCapture2                          0x0800375d   Thumb Code     4  stm32f0xx_tim.o(.text)
    TIM_GetCapture3                          0x08003761   Thumb Code     4  stm32f0xx_tim.o(.text)
    TIM_GetCapture4                          0x08003765   Thumb Code     4  stm32f0xx_tim.o(.text)
    TIM_ITConfig                             0x08003769   Thumb Code    16  stm32f0xx_tim.o(.text)
    TIM_GenerateEvent                        0x08003779   Thumb Code     4  stm32f0xx_tim.o(.text)
    TIM_GetFlagStatus                        0x0800377d   Thumb Code    14  stm32f0xx_tim.o(.text)
    TIM_ClearFlag                            0x0800378b   Thumb Code     6  stm32f0xx_tim.o(.text)
    TIM_GetITStatus                          0x08003791   Thumb Code    24  stm32f0xx_tim.o(.text)
    TIM_ClearITPendingBit                    0x080037a9   Thumb Code     6  stm32f0xx_tim.o(.text)
    TIM_DMAConfig                            0x080037af   Thumb Code     8  stm32f0xx_tim.o(.text)
    TIM_DMACmd                               0x080037b7   Thumb Code    16  stm32f0xx_tim.o(.text)
    TIM_SelectCCDMA                          0x080037c7   Thumb Code    18  stm32f0xx_tim.o(.text)
    TIM_InternalClockConfig                  0x080037d9   Thumb Code    10  stm32f0xx_tim.o(.text)
    TIM_SelectInputTrigger                   0x080037e3   Thumb Code    12  stm32f0xx_tim.o(.text)
    TIM_ITRxExternalClockConfig              0x080037ef   Thumb Code    62  stm32f0xx_tim.o(.text)
    TIM_TIxExternalClockConfig               0x0800382d   Thumb Code    48  stm32f0xx_tim.o(.text)
    TIM_ETRConfig                            0x0800385d   Thumb Code    18  stm32f0xx_tim.o(.text)
    TIM_ETRClockMode1Config                  0x0800386f   Thumb Code    28  stm32f0xx_tim.o(.text)
    TIM_ETRClockMode2Config                  0x0800388b   Thumb Code    20  stm32f0xx_tim.o(.text)
    TIM_SelectOutputTrigger                  0x0800389f   Thumb Code    16  stm32f0xx_tim.o(.text)
    TIM_SelectSlaveMode                      0x080038af   Thumb Code    16  stm32f0xx_tim.o(.text)
    TIM_SelectMasterSlaveMode                0x080038bf   Thumb Code    16  stm32f0xx_tim.o(.text)
    TIM_EncoderInterfaceConfig               0x080038cf   Thumb Code    42  stm32f0xx_tim.o(.text)
    TIM_SelectHallSensor                     0x080038f9   Thumb Code    18  stm32f0xx_tim.o(.text)
    TIM_RemapConfig                          0x0800390b   Thumb Code     6  stm32f0xx_tim.o(.text)
    DMA_DeInit                               0x08003915   Thumb Code   100  stm32f0xx_dma.o(.text)
    DMA_Init                                 0x08003979   Thumb Code    56  stm32f0xx_dma.o(.text)
    DMA_StructInit                           0x080039b1   Thumb Code    26  stm32f0xx_dma.o(.text)
    DMA_Cmd                                  0x080039cb   Thumb Code    20  stm32f0xx_dma.o(.text)
    DMA_SetCurrDataCounter                   0x080039df   Thumb Code     4  stm32f0xx_dma.o(.text)
    DMA_GetCurrDataCounter                   0x080039e3   Thumb Code     6  stm32f0xx_dma.o(.text)
    DMA_ITConfig                             0x080039e9   Thumb Code    16  stm32f0xx_dma.o(.text)
    DMA_GetFlagStatus                        0x080039f9   Thumb Code    18  stm32f0xx_dma.o(.text)
    DMA_ClearFlag                            0x08003a0b   Thumb Code     8  stm32f0xx_dma.o(.text)
    DMA_GetITStatus                          0x08003a13   Thumb Code    18  stm32f0xx_dma.o(.text)
    DMA_ClearITPendingBit                    0x08003a25   Thumb Code     8  stm32f0xx_dma.o(.text)
    PWR_DeInit                               0x08003a39   Thumb Code    22  stm32f0xx_pwr.o(.text)
    PWR_BackupAccessCmd                      0x08003a4f   Thumb Code    20  stm32f0xx_pwr.o(.text)
    PWR_PVDLevelConfig                       0x08003a63   Thumb Code    14  stm32f0xx_pwr.o(.text)
    PWR_PVDCmd                               0x08003a71   Thumb Code    20  stm32f0xx_pwr.o(.text)
    PWR_WakeUpPinCmd                         0x08003a85   Thumb Code    18  stm32f0xx_pwr.o(.text)
    PWR_EnterSleepMode                       0x08003a97   Thumb Code    22  stm32f0xx_pwr.o(.text)
    PWR_EnterSTOPMode                        0x08003aad   Thumb Code    40  stm32f0xx_pwr.o(.text)
    PWR_EnterSTANDBYMode                     0x08003ad5   Thumb Code    30  stm32f0xx_pwr.o(.text)
    PWR_GetFlagStatus                        0x08003af3   Thumb Code    16  stm32f0xx_pwr.o(.text)
    PWR_ClearFlag                            0x08003b03   Thumb Code    12  stm32f0xx_pwr.o(.text)
    FLASH_SetLatency                         0x08003b19   Thumb Code    14  stm32f0xx_flash.o(.text)
    FLASH_PrefetchBufferCmd                  0x08003b27   Thumb Code    20  stm32f0xx_flash.o(.text)
    FLASH_GetPrefetchBufferStatus            0x08003b3b   Thumb Code    14  stm32f0xx_flash.o(.text)
    FLASH_Unlock                             0x08003b49   Thumb Code    18  stm32f0xx_flash.o(.text)
    FLASH_Lock                               0x08003b5b   Thumb Code    12  stm32f0xx_flash.o(.text)
    FLASH_GetStatus                          0x08003b67   Thumb Code    34  stm32f0xx_flash.o(.text)
    FLASH_WaitForLastOperation               0x08003b89   Thumb Code    34  stm32f0xx_flash.o(.text)
    FLASH_ErasePage                          0x08003bab   Thumb Code    52  stm32f0xx_flash.o(.text)
    FLASH_EraseAllPages                      0x08003bdf   Thumb Code    48  stm32f0xx_flash.o(.text)
    FLASH_ProgramWord                        0x08003c0f   Thumb Code    70  stm32f0xx_flash.o(.text)
    FLASH_ProgramHalfWord                    0x08003c55   Thumb Code    48  stm32f0xx_flash.o(.text)
    FLASH_OB_Unlock                          0x08003c85   Thumb Code    18  stm32f0xx_flash.o(.text)
    FLASH_OB_Lock                            0x08003c97   Thumb Code    12  stm32f0xx_flash.o(.text)
    FLASH_OB_Launch                          0x08003ca3   Thumb Code    14  stm32f0xx_flash.o(.text)
    FLASH_OB_GetRDP                          0x08003cb1   Thumb Code    16  stm32f0xx_flash.o(.text)
    FLASH_OB_Erase                           0x08003cc1   Thumb Code   106  stm32f0xx_flash.o(.text)
    FLASH_OB_EnableWRP                       0x08003d2b   Thumb Code    80  stm32f0xx_flash.o(.text)
    FLASH_OB_RDPConfig                       0x08003d7b   Thumb Code    82  stm32f0xx_flash.o(.text)
    FLASH_OB_UserConfig                      0x08003dcd   Thumb Code    64  stm32f0xx_flash.o(.text)
    FLASH_OB_BOOTConfig                      0x08003e0d   Thumb Code    54  stm32f0xx_flash.o(.text)
    FLASH_OB_VDDAConfig                      0x08003e43   Thumb Code    54  stm32f0xx_flash.o(.text)
    FLASH_OB_SRAMParityConfig                0x08003e79   Thumb Code    54  stm32f0xx_flash.o(.text)
    FLASH_OB_WriteUser                       0x08003eaf   Thumb Code    54  stm32f0xx_flash.o(.text)
    FLASH_ProgramOptionByteData              0x08003ee5   Thumb Code    68  stm32f0xx_flash.o(.text)
    FLASH_OB_GetUser                         0x08003f29   Thumb Code    10  stm32f0xx_flash.o(.text)
    FLASH_OB_GetWRP                          0x08003f33   Thumb Code     6  stm32f0xx_flash.o(.text)
    FLASH_ITConfig                           0x08003f39   Thumb Code    18  stm32f0xx_flash.o(.text)
    FLASH_GetFlagStatus                      0x08003f4b   Thumb Code    16  stm32f0xx_flash.o(.text)
    FLASH_ClearFlag                          0x08003f5b   Thumb Code     6  stm32f0xx_flash.o(.text)
    ADC_DeInit                               0x08003f65   Thumb Code    28  stm32f0xx_adc.o(.text)
    ADC_Init                                 0x08003f81   Thumb Code    38  stm32f0xx_adc.o(.text)
    ADC_StructInit                           0x08003fa7   Thumb Code    16  stm32f0xx_adc.o(.text)
    ADC_Cmd                                  0x08003fb7   Thumb Code    18  stm32f0xx_adc.o(.text)
    ADC_JitterCmd                            0x08003fc9   Thumb Code    16  stm32f0xx_adc.o(.text)
    ADC_AutoPowerOffCmd                      0x08003fd9   Thumb Code    20  stm32f0xx_adc.o(.text)
    ADC_WaitModeCmd                          0x08003fed   Thumb Code    20  stm32f0xx_adc.o(.text)
    ADC_AnalogWatchdogCmd                    0x08004001   Thumb Code    20  stm32f0xx_adc.o(.text)
    ADC_AnalogWatchdogThresholdsConfig       0x08004015   Thumb Code     8  stm32f0xx_adc.o(.text)
    ADC_AnalogWatchdogSingleChannelConfig    0x0800401d   Thumb Code    14  stm32f0xx_adc.o(.text)
    ADC_AnalogWatchdogSingleChannelCmd       0x0800402b   Thumb Code    20  stm32f0xx_adc.o(.text)
    ADC_TempSensorCmd                        0x0800403f   Thumb Code    22  stm32f0xx_adc.o(.text)
    ADC_VrefintCmd                           0x08004055   Thumb Code    22  stm32f0xx_adc.o(.text)
    ADC_VbatCmd                              0x0800406b   Thumb Code    22  stm32f0xx_adc.o(.text)
    ADC_ChannelConfig                        0x08004081   Thumb Code    10  stm32f0xx_adc.o(.text)
    ADC_ContinuousModeCmd                    0x0800408b   Thumb Code    20  stm32f0xx_adc.o(.text)
    ADC_DiscModeCmd                          0x0800409f   Thumb Code    20  stm32f0xx_adc.o(.text)
    ADC_OverrunModeCmd                       0x080040b3   Thumb Code    20  stm32f0xx_adc.o(.text)
    ADC_GetCalibrationFactor                 0x080040c7   Thumb Code    46  stm32f0xx_adc.o(.text)
    ADC_StopOfConversion                     0x080040f5   Thumb Code    10  stm32f0xx_adc.o(.text)
    ADC_StartOfConversion                    0x080040ff   Thumb Code    10  stm32f0xx_adc.o(.text)
    ADC_GetConversionValue                   0x08004109   Thumb Code     6  stm32f0xx_adc.o(.text)
    ADC_DMACmd                               0x0800410f   Thumb Code    20  stm32f0xx_adc.o(.text)
    ADC_DMARequestModeConfig                 0x08004123   Thumb Code    16  stm32f0xx_adc.o(.text)
    ADC_ITConfig                             0x08004133   Thumb Code    16  stm32f0xx_adc.o(.text)
    ADC_GetFlagStatus                        0x08004143   Thumb Code    28  stm32f0xx_adc.o(.text)
    ADC_ClearFlag                            0x0800415f   Thumb Code     4  stm32f0xx_adc.o(.text)
    ADC_GetITStatus                          0x08004163   Thumb Code    22  stm32f0xx_adc.o(.text)
    ADC_ClearITPendingBit                    0x08004179   Thumb Code     4  stm32f0xx_adc.o(.text)
    EXTI_DeInit                              0x08004189   Thumb Code    20  stm32f0xx_exti.o(.text)
    EXTI_Init                                0x0800419d   Thumb Code   102  stm32f0xx_exti.o(.text)
    EXTI_StructInit                          0x08004203   Thumb Code    14  stm32f0xx_exti.o(.text)
    EXTI_GenerateSWInterrupt                 0x08004211   Thumb Code    10  stm32f0xx_exti.o(.text)
    EXTI_GetFlagStatus                       0x0800421b   Thumb Code    16  stm32f0xx_exti.o(.text)
    EXTI_ClearFlag                           0x0800422b   Thumb Code     6  stm32f0xx_exti.o(.text)
    EXTI_GetITStatus                         0x08004231   Thumb Code    24  stm32f0xx_exti.o(.text)
    EXTI_ClearITPendingBit                   0x08004249   Thumb Code     6  stm32f0xx_exti.o(.text)
    SYSCFG_DeInit                            0x0800425d   Thumb Code    30  stm32f0xx_syscfg.o(.text)
    SYSCFG_MemoryRemapConfig                 0x0800427b   Thumb Code    14  stm32f0xx_syscfg.o(.text)
    SYSCFG_DMAChannelRemapConfig             0x08004289   Thumb Code    18  stm32f0xx_syscfg.o(.text)
    SYSCFG_I2CFastModePlusConfig             0x0800429b   Thumb Code    18  stm32f0xx_syscfg.o(.text)
    SYSCFG_EXTILineConfig                    0x080042ad   Thumb Code    34  stm32f0xx_syscfg.o(.text)
    SYSCFG_BreakConfig                       0x080042cf   Thumb Code    10  stm32f0xx_syscfg.o(.text)
    SYSCFG_GetFlagStatus                     0x080042d9   Thumb Code    14  stm32f0xx_syscfg.o(.text)
    SYSCFG_ClearFlag                         0x080042e7   Thumb Code    10  stm32f0xx_syscfg.o(.text)
    IWDG_WriteAccessCmd                      0x080042f5   Thumb Code     6  stm32f0xx_iwdg.o(.text)
    IWDG_SetPrescaler                        0x080042fb   Thumb Code     6  stm32f0xx_iwdg.o(.text)
    IWDG_SetReload                           0x08004301   Thumb Code     6  stm32f0xx_iwdg.o(.text)
    IWDG_ReloadCounter                       0x08004307   Thumb Code     8  stm32f0xx_iwdg.o(.text)
    IWDG_SetWindowValue                      0x0800430f   Thumb Code     6  stm32f0xx_iwdg.o(.text)
    IWDG_Enable                              0x08004315   Thumb Code     8  stm32f0xx_iwdg.o(.text)
    IWDG_GetFlagStatus                       0x0800431d   Thumb Code    16  stm32f0xx_iwdg.o(.text)
    RTC_WaitForSynchro                       0x08004339   Thumb Code    74  stm32f0xx_rtc.o(.text)
    RTC_EnterInitMode                        0x08004383   Thumb Code    56  stm32f0xx_rtc.o(.text)
    RTC_DeInit                               0x080043bb   Thumb Code    74  stm32f0xx_rtc.o(.text)
    RTC_ExitInitMode                         0x08004405   Thumb Code    12  stm32f0xx_rtc.o(.text)
    RTC_Init                                 0x08004411   Thumb Code    68  stm32f0xx_rtc.o(.text)
    RTC_StructInit                           0x08004455   Thumb Code    14  stm32f0xx_rtc.o(.text)
    RTC_WriteProtectionCmd                   0x08004463   Thumb Code    20  stm32f0xx_rtc.o(.text)
    RTC_RefClockCmd                          0x08004477   Thumb Code    54  stm32f0xx_rtc.o(.text)
    RTC_BypassShadowCmd                      0x080044ad   Thumb Code    34  stm32f0xx_rtc.o(.text)
    RTC_SetTime                              0x080044cf   Thumb Code   142  stm32f0xx_rtc.o(.text)
    RTC_TimeStructInit                       0x0800455d   Thumb Code    12  stm32f0xx_rtc.o(.text)
    RTC_GetTime                              0x08004569   Thumb Code    70  stm32f0xx_rtc.o(.text)
    RTC_GetSubSecond                         0x080045af   Thumb Code     8  stm32f0xx_rtc.o(.text)
    RTC_SetDate                              0x080045b7   Thumb Code   140  stm32f0xx_rtc.o(.text)
    RTC_DateStructInit                       0x08004643   Thumb Code    14  stm32f0xx_rtc.o(.text)
    RTC_GetDate                              0x08004651   Thumb Code    72  stm32f0xx_rtc.o(.text)
    RTC_SetAlarm                             0x08004699   Thumb Code   152  stm32f0xx_rtc.o(.text)
    RTC_AlarmStructInit                      0x08004731   Thumb Code    20  stm32f0xx_rtc.o(.text)
    RTC_GetAlarm                             0x08004745   Thumb Code    90  stm32f0xx_rtc.o(.text)
    RTC_AlarmCmd                             0x0800479f   Thumb Code    74  stm32f0xx_rtc.o(.text)
    RTC_AlarmSubSecondConfig                 0x080047e9   Thumb Code    26  stm32f0xx_rtc.o(.text)
    RTC_GetAlarmSubSecond                    0x08004803   Thumb Code    12  stm32f0xx_rtc.o(.text)
    RTC_DayLightSavingConfig                 0x0800480f   Thumb Code    36  stm32f0xx_rtc.o(.text)
    RTC_GetStoreOperation                    0x08004833   Thumb Code    12  stm32f0xx_rtc.o(.text)
    RTC_OutputConfig                         0x0800483f   Thumb Code    36  stm32f0xx_rtc.o(.text)
    RTC_CalibOutputCmd                       0x08004863   Thumb Code    34  stm32f0xx_rtc.o(.text)
    RTC_CalibOutputConfig                    0x08004885   Thumb Code    32  stm32f0xx_rtc.o(.text)
    RTC_SmoothCalibConfig                    0x080048a5   Thumb Code    60  stm32f0xx_rtc.o(.text)
    RTC_TimeStampCmd                         0x080048e1   Thumb Code    36  stm32f0xx_rtc.o(.text)
    RTC_GetTimeStamp                         0x08004905   Thumb Code   126  stm32f0xx_rtc.o(.text)
    RTC_GetTimeStampSubSecond                0x08004983   Thumb Code     6  stm32f0xx_rtc.o(.text)
    RTC_TamperTriggerConfig                  0x08004989   Thumb Code    22  stm32f0xx_rtc.o(.text)
    RTC_TamperCmd                            0x0800499f   Thumb Code    20  stm32f0xx_rtc.o(.text)
    RTC_TamperFilterConfig                   0x080049b3   Thumb Code    22  stm32f0xx_rtc.o(.text)
    RTC_TamperSamplingFreqConfig             0x080049c9   Thumb Code    22  stm32f0xx_rtc.o(.text)
    RTC_TamperPinsPrechargeDuration          0x080049df   Thumb Code    22  stm32f0xx_rtc.o(.text)
    RTC_TimeStampOnTamperDetectionCmd        0x080049f5   Thumb Code    22  stm32f0xx_rtc.o(.text)
    RTC_TamperPullUpCmd                      0x08004a0b   Thumb Code    22  stm32f0xx_rtc.o(.text)
    RTC_WriteBackupRegister                  0x08004a21   Thumb Code    16  stm32f0xx_rtc.o(.text)
    RTC_ReadBackupRegister                   0x08004a31   Thumb Code    16  stm32f0xx_rtc.o(.text)
    RTC_OutputTypeConfig                     0x08004a41   Thumb Code    22  stm32f0xx_rtc.o(.text)
    RTC_SynchroShiftConfig                   0x08004a57   Thumb Code    72  stm32f0xx_rtc.o(.text)
    RTC_ITConfig                             0x08004a9f   Thumb Code    56  stm32f0xx_rtc.o(.text)
    RTC_GetFlagStatus                        0x08004ad7   Thumb Code    20  stm32f0xx_rtc.o(.text)
    RTC_ClearFlag                            0x08004aeb   Thumb Code    22  stm32f0xx_rtc.o(.text)
    RTC_GetITStatus                          0x08004b01   Thumb Code    76  stm32f0xx_rtc.o(.text)
    RTC_ClearITPendingBit                    0x08004b4d   Thumb Code    22  stm32f0xx_rtc.o(.text)
    __aeabi_memcpy                           0x08004b91   Thumb Code   130  rt_memcpy.o(.text)
    __rt_memcpy                              0x08004b91   Thumb Code     0  rt_memcpy.o(.text)
    __aeabi_memset                           0x08004c13   Thumb Code    18  aeabi_memset.o(.text)
    _memset_w                                0x08004c25   Thumb Code    26  rt_memclr.o(.text)
    _memset                                  0x08004c3f   Thumb Code    30  rt_memclr.o(.text)
    __aeabi_memclr                           0x08004c5d   Thumb Code     4  rt_memclr.o(.text)
    __rt_memclr                              0x08004c5d   Thumb Code     0  rt_memclr.o(.text)
    __aeabi_memclr4                          0x08004c61   Thumb Code     0  rt_memclr.o(.text)
    __aeabi_memclr8                          0x08004c61   Thumb Code     0  rt_memclr.o(.text)
    __rt_memclr_w                            0x08004c61   Thumb Code     4  rt_memclr.o(.text)
    __aeabi_uidiv                            0x08004c65   Thumb Code     0  aeabi_sdiv.o(.text)
    __aeabi_uidivmod                         0x08004c65   Thumb Code    20  aeabi_sdiv.o(.text)
    __aeabi_idiv                             0x08004c79   Thumb Code     0  aeabi_sdiv.o(.text)
    __aeabi_idivmod                          0x08004c79   Thumb Code   326  aeabi_sdiv.o(.text)
    __use_two_region_memory                  0x08004dbf   Thumb Code     2  heapauxi.o(.text)
    __rt_heap_escrow$2region                 0x08004dc1   Thumb Code     2  heapauxi.o(.text)
    __rt_heap_expand$2region                 0x08004dc3   Thumb Code     2  heapauxi.o(.text)
    __user_setup_stackheap                   0x08004dc5   Thumb Code    62  sys_stackheap_outer.o(.text)
    exit                                     0x08004e03   Thumb Code    16  exit.o(.text)
    __user_libspace                          0x08004e15   Thumb Code     8  libspace.o(.text)
    __user_perproc_libspace                  0x08004e15   Thumb Code     0  libspace.o(.text)
    __user_perthread_libspace                0x08004e15   Thumb Code     0  libspace.o(.text)
    _sys_exit                                0x08004e1d   Thumb Code     8  sys_exit.o(.text)
    __I$use$semihosting                      0x08004e29   Thumb Code     0  use_no_semi.o(.text)
    __use_no_semihosting_swi                 0x08004e29   Thumb Code     2  use_no_semi.o(.text)
    __ARM_common_switch8                     0x08004e2b   Thumb Code    26  hardware.o(i.__ARM_common_switch8)
    __semihosting_library_function           0x08004e2b   Thumb Code     0  indicate_semi.o(.text)
    default_parameter_buf                    0x08004e44   Data         436  main.o(.constdata)
    Region$$Table$$Base                      0x08004ff8   Number         0  anon$$obj.o(Region$$Table)
    Region$$Table$$Limit                     0x08005018   Number         0  anon$$obj.o(Region$$Table)
    SystemCoreClock                          0x20000000   Data           4  system_stm32f0xx.o(.data)
    AHBPrescTable                            0x20000004   Data          16  system_stm32f0xx.o(.data)
    pwm1_state                               0x20000018   Data           1  comm_task.o(.data)
    pwm2_state                               0x20000019   Data           1  comm_task.o(.data)
    pwm3_state                               0x2000001a   Data           1  comm_task.o(.data)
    PWM1_numOfCycle                          0x2000001b   Data           1  comm_task.o(.data)
    PWM2_numOfCycle                          0x2000001c   Data           1  comm_task.o(.data)
    PWM3_numOfCycle                          0x2000001d   Data           1  comm_task.o(.data)
    PWM1_serial_cnt                          0x2000001e   Data           1  comm_task.o(.data)
    PWM2_serial_cnt                          0x2000001f   Data           1  comm_task.o(.data)
    PWM3_serial_cnt                          0x20000020   Data           1  comm_task.o(.data)
    state                                    0x20000021   Data           1  comm_task.o(.data)
    mode                                     0x20000022   Data           1  comm_task.o(.data)
    led_high_cnt                             0x20000023   Data           1  comm_task.o(.data)
    led_low_cnt                              0x20000024   Data           1  comm_task.o(.data)
    flash_cnt                                0x20000025   Data           1  comm_task.o(.data)
    switch_mode_cnt                          0x20000026   Data           1  comm_task.o(.data)
    b_check_bnt_release                      0x20000027   Data           1  comm_task.o(.data)
    release_btn_cnt                          0x20000028   Data           1  comm_task.o(.data)
    PWM_waitBeforeStart_cnt                  0x2000002e   Data           2  comm_task.o(.data)
    PWM1_period_cnt                          0x20000030   Data           2  comm_task.o(.data)
    PWM2_period_cnt                          0x20000032   Data           2  comm_task.o(.data)
    PWM3_period_cnt                          0x20000034   Data           2  comm_task.o(.data)
    PWM1_waitBetween_cnt                     0x20000036   Data           2  comm_task.o(.data)
    PWM2_waitBetween_cnt                     0x20000038   Data           2  comm_task.o(.data)
    PWM3_waitBetween_cnt                     0x2000003a   Data           2  comm_task.o(.data)
    PWM1_waitAfter_cnt                       0x2000003c   Data           2  comm_task.o(.data)
    PWM2_waitAfter_cnt                       0x2000003e   Data           2  comm_task.o(.data)
    PWM3_waitAfter_cnt                       0x20000040   Data           2  comm_task.o(.data)
    checkPressAgain_cnt                      0x20000042   Data           2  comm_task.o(.data)
    PRESSURE_RATE                            0x20000044   Data           2  comm_task.o(.data)
    adc_pressure_value                       0x20000048   Data           4  comm_task.o(.data)
    prev_WaitBeforeStart_os_tick             0x20000050   Data           4  comm_task.o(.data)
    prev_PWM1_os_tick                        0x20000054   Data           4  comm_task.o(.data)
    prev_PWM2_os_tick                        0x20000058   Data           4  comm_task.o(.data)
    prev_PWM3_os_tick                        0x2000005c   Data           4  comm_task.o(.data)
    p_prev_os_tick                           0x20000060   Data           4  comm_task.o(.data)
    check_sum                                0x2000007c   Data           2  comm_task.o(.data)
    mcu_state                                0x2000007e   Data           1  key_led_task.o(.data)
    b_Is_PCB_PowerOn                         0x2000007f   Data           1  key_led_task.o(.data)
    key_state                                0x20000080   Data           1  key_led_task.o(.data)
    led_state                                0x20000081   Data           1  key_led_task.o(.data)
    b_check_BAT_ok                           0x20000082   Data           1  key_led_task.o(.data)
    b_getHoneywellZeroPoint                  0x20000084   Data           1  honeywell_sampling_data.o(.data)
    honeywell_state                          0x20000085   Data           1  honeywell_sampling_data.o(.data)
    HONEYWELL_ZERO_POINT                     0x20000088   Data           4  honeywell_sampling_data.o(.data)
    rcvParaSuccess                           0x2000008c   Data           1  protocol_module.o(.data)
    g_uwDelayTime_ms                         0x2000008e   Data           2  common.o(.data)
    RegularConvData_Tab                      0x20000094   Data           2  hardware.o(.data)
    AsynchPrediv                             0x20000098   Data           4  rtc.o(.data)
    SynchPrediv                              0x2000009c   Data           4  rtc.o(.data)
    os_ticks                                 0x200000a0   Data           4  os_core.o(.data)
    sDataBuff                                0x200000b8   Data         300  comm_task.o(.bss)
    sBackBuff                                0x200001e4   Data         300  comm_task.o(.bss)
    g_CmdReceive                             0x20000310   Data         144  comm_task.o(.bss)
    send_fifo                                0x200003a0   Data          12  comm_task.o(.bss)
    buffer                                   0x200003ac   Data         436  comm_task.o(.bss)
    send_buf                                 0x200005f3   Data         248  comm_task.o(.bss)
    parameter_buf                            0x200006eb   Data         436  comm_task.o(.bss)
    pageBuff                                 0x200008a0   Data        2048  protocol_module.o(.bss)
    task_array                               0x200010a0   Data         120  os_core.o(.bss)
    __libspace_start                         0x20001118   Data          96  libspace.o(.bss)
    __temporary_stack_top$libspace           0x20001178   Data           0  libspace.o(.bss)



==============================================================================

Memory Map of the image

  Image Entry point : 0x08002579

  Load Region LR_1 (Base: 0x08000000, Size: 0x000050d0, Max: 0xffffffff, ABSOLUTE)

    Execution Region ER_RO (Exec base: 0x08000000, Load base: 0x08000000, Size: 0x00005018, Max: 0xffffffff, ABSOLUTE)

    Exec Addr    Load Addr    Size         Type   Attr      Idx    E Section Name        Object

    0x08000000   0x08000000   0x000000c0   Data   RO          562    RESET               startup_stm32f0xx.o
    0x080000c0   0x080000c0   0x00000008   Code   RO          796  * !!!main             c_p.l(__main.o)
    0x080000c8   0x080000c8   0x0000003c   Code   RO          965    !!!scatter          c_p.l(__scatter.o)
    0x08000104   0x08000104   0x0000001a   Code   RO          967    !!handler_copy      c_p.l(__scatter_copy.o)
    0x0800011e   0x0800011e   0x00000002   PAD
    0x08000120   0x08000120   0x0000001c   Code   RO          969    !!handler_zi        c_p.l(__scatter_zi.o)
    0x0800013c   0x0800013c   0x00000002   Code   RO          834    .ARM.Collect$$libinit$$00000000  c_p.l(libinit.o)
    0x0800013e   0x0800013e   0x00000000   Code   RO          848    .ARM.Collect$$libinit$$00000002  c_p.l(libinit2.o)
    0x0800013e   0x0800013e   0x00000000   Code   RO          850    .ARM.Collect$$libinit$$00000004  c_p.l(libinit2.o)
    0x0800013e   0x0800013e   0x00000000   Code   RO          853    .ARM.Collect$$libinit$$0000000A  c_p.l(libinit2.o)
    0x0800013e   0x0800013e   0x00000000   Code   RO          855    .ARM.Collect$$libinit$$0000000C  c_p.l(libinit2.o)
    0x0800013e   0x0800013e   0x00000000   Code   RO          857    .ARM.Collect$$libinit$$0000000E  c_p.l(libinit2.o)
    0x0800013e   0x0800013e   0x00000000   Code   RO          860    .ARM.Collect$$libinit$$00000011  c_p.l(libinit2.o)
    0x0800013e   0x0800013e   0x00000000   Code   RO          862    .ARM.Collect$$libinit$$00000013  c_p.l(libinit2.o)
    0x0800013e   0x0800013e   0x00000000   Code   RO          864    .ARM.Collect$$libinit$$00000015  c_p.l(libinit2.o)
    0x0800013e   0x0800013e   0x00000000   Code   RO          866    .ARM.Collect$$libinit$$00000017  c_p.l(libinit2.o)
    0x0800013e   0x0800013e   0x00000000   Code   RO          868    .ARM.Collect$$libinit$$00000019  c_p.l(libinit2.o)
    0x0800013e   0x0800013e   0x00000000   Code   RO          870    .ARM.Collect$$libinit$$0000001B  c_p.l(libinit2.o)
    0x0800013e   0x0800013e   0x00000000   Code   RO          872    .ARM.Collect$$libinit$$0000001D  c_p.l(libinit2.o)
    0x0800013e   0x0800013e   0x00000000   Code   RO          874    .ARM.Collect$$libinit$$0000001F  c_p.l(libinit2.o)
    0x0800013e   0x0800013e   0x00000000   Code   RO          876    .ARM.Collect$$libinit$$00000021  c_p.l(libinit2.o)
    0x0800013e   0x0800013e   0x00000000   Code   RO          878    .ARM.Collect$$libinit$$00000023  c_p.l(libinit2.o)
    0x0800013e   0x0800013e   0x00000000   Code   RO          880    .ARM.Collect$$libinit$$00000025  c_p.l(libinit2.o)
    0x0800013e   0x0800013e   0x00000000   Code   RO          884    .ARM.Collect$$libinit$$0000002C  c_p.l(libinit2.o)
    0x0800013e   0x0800013e   0x00000000   Code   RO          886    .ARM.Collect$$libinit$$0000002E  c_p.l(libinit2.o)
    0x0800013e   0x0800013e   0x00000000   Code   RO          888    .ARM.Collect$$libinit$$00000030  c_p.l(libinit2.o)
    0x0800013e   0x0800013e   0x00000000   Code   RO          890    .ARM.Collect$$libinit$$00000032  c_p.l(libinit2.o)
    0x0800013e   0x0800013e   0x00000002   Code   RO          891    .ARM.Collect$$libinit$$00000033  c_p.l(libinit2.o)
    0x08000140   0x08000140   0x00000002   Code   RO          922    .ARM.Collect$$libshutdown$$00000000  c_p.l(libshutdown.o)
    0x08000142   0x08000142   0x00000000   Code   RO          948    .ARM.Collect$$libshutdown$$00000002  c_p.l(libshutdown2.o)
    0x08000142   0x08000142   0x00000000   Code   RO          950    .ARM.Collect$$libshutdown$$00000004  c_p.l(libshutdown2.o)
    0x08000142   0x08000142   0x00000000   Code   RO          953    .ARM.Collect$$libshutdown$$00000007  c_p.l(libshutdown2.o)
    0x08000142   0x08000142   0x00000000   Code   RO          956    .ARM.Collect$$libshutdown$$0000000A  c_p.l(libshutdown2.o)
    0x08000142   0x08000142   0x00000000   Code   RO          958    .ARM.Collect$$libshutdown$$0000000C  c_p.l(libshutdown2.o)
    0x08000142   0x08000142   0x00000000   Code   RO          961    .ARM.Collect$$libshutdown$$0000000F  c_p.l(libshutdown2.o)
    0x08000142   0x08000142   0x00000002   Code   RO          962    .ARM.Collect$$libshutdown$$00000010  c_p.l(libshutdown2.o)
    0x08000144   0x08000144   0x00000000   Code   RO          798    .ARM.Collect$$rtentry$$00000000  c_p.l(__rtentry.o)
    0x08000144   0x08000144   0x00000000   Code   RO          804    .ARM.Collect$$rtentry$$00000002  c_p.l(__rtentry2.o)
    0x08000144   0x08000144   0x00000006   Code   RO          816    .ARM.Collect$$rtentry$$00000004  c_p.l(__rtentry4.o)
    0x0800014a   0x0800014a   0x00000000   Code   RO          806    .ARM.Collect$$rtentry$$00000009  c_p.l(__rtentry2.o)
    0x0800014a   0x0800014a   0x00000004   Code   RO          807    .ARM.Collect$$rtentry$$0000000A  c_p.l(__rtentry2.o)
    0x0800014e   0x0800014e   0x00000000   Code   RO          809    .ARM.Collect$$rtentry$$0000000C  c_p.l(__rtentry2.o)
    0x0800014e   0x0800014e   0x00000008   Code   RO          810    .ARM.Collect$$rtentry$$0000000D  c_p.l(__rtentry2.o)
    0x08000156   0x08000156   0x00000002   Code   RO          839    .ARM.Collect$$rtexit$$00000000  c_p.l(rtexit.o)
    0x08000158   0x08000158   0x00000000   Code   RO          895    .ARM.Collect$$rtexit$$00000002  c_p.l(rtexit2.o)
    0x08000158   0x08000158   0x00000004   Code   RO          896    .ARM.Collect$$rtexit$$00000003  c_p.l(rtexit2.o)
    0x0800015c   0x0800015c   0x00000006   Code   RO          897    .ARM.Collect$$rtexit$$00000004  c_p.l(rtexit2.o)
    0x08000162   0x08000162   0x00000002   PAD
    0x08000164   0x08000164   0x00000038   Code   RO          782    .emb_text           c_p.l(rt_memcpy.o)
    0x0800019c   0x0800019c   0x00000028   Code   RO            2    .text               main.o
    0x080001c4   0x080001c4   0x0000002c   Code   RO          104    .text               stm32f0xx_it.o
    0x080001f0   0x080001f0   0x0000013c   Code   RO          123    .text               system_stm32f0xx.o
    0x0800032c   0x0800032c   0x00000030   Code   RO          145    .text               iwtdg.o
    0x0800035c   0x0800035c   0x000000a8   Code   RO          183    .text               app.o
    0x08000404   0x08000404   0x00000964   Code   RO          224    .text               comm_task.o
    0x08000d68   0x08000d68   0x000003d0   Code   RO          269    .text               key_led_task.o
    0x08001138   0x08001138   0x00000074   Code   RO          307    .text               honeywell_sampling_data.o
    0x080011ac   0x080011ac   0x000007dc   Code   RO          327    .text               protocol_module.o
    0x08001988   0x08001988   0x00000020   Code   RO          365    .text               common.o
    0x080019a8   0x080019a8   0x00000090   Code   RO          387    .text               delay.o
    0x08001a38   0x08001a38   0x000000a6   Code   RO          404    .text               fifo.o
    0x08001ade   0x08001ade   0x00000092   Code   RO          420    .text               cmd_receive.o
    0x08001b70   0x08001b70   0x00000120   Code   RO          443    .text               serial_port.o
    0x08001c90   0x08001c90   0x00000274   Code   RO          459    .text               i2c.o
    0x08001f04   0x08001f04   0x00000330   Code   RO          476    .text               hardware.o
    0x08002234   0x08002234   0x00000184   Code   RO          503    .text               motor_pwm.o
    0x080023b8   0x080023b8   0x0000010c   Code   RO          519    .text               rtc.o
    0x080024c4   0x080024c4   0x000000b4   Code   RO          539    .text               os_core.o
    0x08002578   0x08002578   0x00000038   Code   RO          563  * .text               startup_stm32f0xx.o
    0x080025b0   0x080025b0   0x0000015c   Code   RO          568    .text               stm32f0xx_gpio.o
    0x0800270c   0x0800270c   0x0000040c   Code   RO          584    .text               stm32f0xx_rcc.o
    0x08002b18   0x08002b18   0x0000007c   Code   RO          602    .text               stm32f0xx_misc.o
    0x08002b94   0x08002b94   0x00000462   Code   RO          618    .text               stm32f0xx_usart.o
    0x08002ff6   0x08002ff6   0x00000002   PAD
    0x08002ff8   0x08002ff8   0x0000091c   Code   RO          634    .text               stm32f0xx_tim.o
    0x08003914   0x08003914   0x00000124   Code   RO          651    .text               stm32f0xx_dma.o
    0x08003a38   0x08003a38   0x000000e0   Code   RO          667    .text               stm32f0xx_pwr.o
    0x08003b18   0x08003b18   0x0000044c   Code   RO          683    .text               stm32f0xx_flash.o
    0x08003f64   0x08003f64   0x00000224   Code   RO          700    .text               stm32f0xx_adc.o
    0x08004188   0x08004188   0x000000d4   Code   RO          716    .text               stm32f0xx_exti.o
    0x0800425c   0x0800425c   0x00000098   Code   RO          732    .text               stm32f0xx_syscfg.o
    0x080042f4   0x080042f4   0x00000044   Code   RO          748    .text               stm32f0xx_iwdg.o
    0x08004338   0x08004338   0x00000858   Code   RO          764    .text               stm32f0xx_rtc.o
    0x08004b90   0x08004b90   0x00000082   Code   RO          783    .text               c_p.l(rt_memcpy.o)
    0x08004c12   0x08004c12   0x00000012   Code   RO          786    .text               c_p.l(aeabi_memset.o)
    0x08004c24   0x08004c24   0x00000040   Code   RO          788    .text               c_p.l(rt_memclr.o)
    0x08004c64   0x08004c64   0x0000015a   Code   RO          790    .text               c_p.l(aeabi_sdiv.o)
    0x08004dbe   0x08004dbe   0x00000006   Code   RO          794    .text               c_p.l(heapauxi.o)
    0x08004dc4   0x08004dc4   0x0000003e   Code   RO          820    .text               c_p.l(sys_stackheap_outer.o)
    0x08004e02   0x08004e02   0x00000010   Code   RO          823    .text               c_p.l(exit.o)
    0x08004e12   0x08004e12   0x00000002   PAD
    0x08004e14   0x08004e14   0x00000008   Code   RO          835    .text               c_p.l(libspace.o)
    0x08004e1c   0x08004e1c   0x0000000c   Code   RO          892    .text               c_p.l(sys_exit.o)
    0x08004e28   0x08004e28   0x00000002   Code   RO          911    .text               c_p.l(use_no_semi.o)
    0x08004e2a   0x08004e2a   0x00000000   Code   RO          913    .text               c_p.l(indicate_semi.o)
    0x08004e2a   0x08004e2a   0x0000001a   Code   RO          493    i.__ARM_common_switch8  hardware.o
    0x08004e44   0x08004e44   0x000001b4   Data   RO            3    .constdata          main.o
    0x08004ff8   0x08004ff8   0x00000020   Data   RO          963    Region$$Table       anon$$obj.o


    Execution Region ER_RW (Exec base: 0x20000000, Load base: 0x08005018, Size: 0x000000b8, Max: 0xffffffff, ABSOLUTE)

    Exec Addr    Load Addr    Size         Type   Attr      Idx    E Section Name        Object

    0x20000000   0x08005018   0x00000014   Data   RW          124    .data               system_stm32f0xx.o
    0x20000014   0x0800502c   0x00000068   Data   RW          228    .data               comm_task.o
    0x2000007c   0x08005094   0x00000002   Data   RW          230    .data               comm_task.o
    0x2000007e   0x08005096   0x00000006   Data   RW          270    .data               key_led_task.o
    0x20000084   0x0800509c   0x00000008   Data   RW          308    .data               honeywell_sampling_data.o
    0x2000008c   0x080050a4   0x00000001   Data   RW          329    .data               protocol_module.o
    0x2000008d   0x080050a5   0x00000001   PAD
    0x2000008e   0x080050a6   0x00000002   Data   RW          366    .data               common.o
    0x20000090   0x080050a8   0x00000004   Data   RW          388    .data               delay.o
    0x20000094   0x080050ac   0x00000002   Data   RW          478    .data               hardware.o
    0x20000096   0x080050ae   0x00000002   PAD
    0x20000098   0x080050b0   0x00000008   Data   RW          520    .data               rtc.o
    0x200000a0   0x080050b8   0x00000008   Data   RW          541    .data               os_core.o
    0x200000a8   0x080050c0   0x00000010   Data   RW          585    .data               stm32f0xx_rcc.o


    Execution Region ER_ZI (Exec base: 0x200000b8, Load base: 0x080050d0, Size: 0x000016c0, Max: 0xffffffff, ABSOLUTE)

    Exec Addr    Load Addr    Size         Type   Attr      Idx    E Section Name        Object

    0x200000b8        -       0x0000053b   Zero   RW          225    .bss                comm_task.o
    0x200005f3        -       0x000000f8   Zero   RW          226    .bss                comm_task.o
    0x200006eb        -       0x000001b4   Zero   RW          227    .bss                comm_task.o
    0x2000089f   0x080050d0   0x00000001   PAD
    0x200008a0        -       0x00000800   Zero   RW          328    .bss                protocol_module.o
    0x200010a0        -       0x00000078   Zero   RW          540    .bss                os_core.o
    0x20001118        -       0x00000060   Zero   RW          836    .bss                c_p.l(libspace.o)
    0x20001178        -       0x00000200   Zero   RW          561    HEAP                startup_stm32f0xx.o
    0x20001378        -       0x00000400   Zero   RW          560    STACK               startup_stm32f0xx.o


==============================================================================

Image component sizes


      Code (inc. data)   RO Data    RW Data    ZI Data      Debug   Object Name

       168         42          0          0          0      15862   app.o
       146          0          0          0          0       3030   cmd_receive.o
      2404         90          0        106       2023      11929   comm_task.o
        32          4          0          2          0       1485   common.o
       144         16          0          4          0       1055   delay.o
       166          0          0          0          0       2543   fifo.o
       842         40          0          2          0       5020   hardware.o
       116         12          0          8          0       1237   honeywell_sampling_data.o
       628         10          0          0          0       3184   i2c.o
        48          6          0          0          0      92791   iwtdg.o
       976        112          0          6          0      14184   key_led_task.o
        40          4        436          0          0      58890   main.o
       388         26          0          0          0       2117   motor_pwm.o
       180          8          0          8        120       2416   os_core.o
      2012         46          0          1       2048      15204   protocol_module.o
       268          4          0          8          0       2198   rtc.o
       288         10          0          0          0       1813   serial_port.o
        56         26        192          0       1536        624   startup_stm32f0xx.o
       548         12          0          0          0       7139   stm32f0xx_adc.o
       292         12          0          0          0       3614   stm32f0xx_dma.o
       212         14          0          0          0       2343   stm32f0xx_exti.o
      1100         20          0          0          0       8046   stm32f0xx_flash.o
       348         22          0          0          0       3849   stm32f0xx_gpio.o
        44          4          0          0          0        956   stm32f0xx_it.o
        68         12          0          0          0       1469   stm32f0xx_iwdg.o
       124         16          0          0          0       1384   stm32f0xx_misc.o
       224         10          0          0          0       2198   stm32f0xx_pwr.o
      1036         38          0         16          0       8770   stm32f0xx_rcc.o
      2136         50          0          0          0      13758   stm32f0xx_rtc.o
       152          4          0          0          0       2026   stm32f0xx_syscfg.o
      2332        122          0          0          0      22543   stm32f0xx_tim.o
      1122         12          0          0          0      12551   stm32f0xx_usart.o
       316         28          0         20          0       1615   system_stm32f0xx.o

    ----------------------------------------------------------------------
     18958        832        660        184       5728     327843   Object Totals
         0          0         32          0          0          0   (incl. Generated)
         2          0          0          3          1          0   (incl. Padding)

    ----------------------------------------------------------------------

      Code (inc. data)   RO Data    RW Data    ZI Data      Debug   Library Member Name

         8          0          0          0          0         68   __main.o
         0          0          0          0          0          0   __rtentry.o
        12          0          0          0          0          0   __rtentry2.o
         6          0          0          0          0          0   __rtentry4.o
        60          8          0          0          0          0   __scatter.o
        26          0          0          0          0          0   __scatter_copy.o
        28          0          0          0          0          0   __scatter_zi.o
        18          0          0          0          0         68   aeabi_memset.o
       346          0          0          0          0         92   aeabi_sdiv.o
        16          0          0          0          0         68   exit.o
         6          0          0          0          0        136   heapauxi.o
         0          0          0          0          0          0   indicate_semi.o
         2          0          0          0          0          0   libinit.o
         2          0          0          0          0          0   libinit2.o
         2          0          0          0          0          0   libshutdown.o
         2          0          0          0          0          0   libshutdown2.o
         8          4          0          0         96         68   libspace.o
        64          0          0          0          0        108   rt_memclr.o
       186          0          0          0          0        144   rt_memcpy.o
         2          0          0          0          0          0   rtexit.o
        10          0          0          0          0          0   rtexit2.o
        12          4          0          0          0         60   sys_exit.o
        62          0          0          0          0         80   sys_stackheap_outer.o
         2          0          0          0          0         68   use_no_semi.o

    ----------------------------------------------------------------------
       886         16          0          0         96        960   Library Totals
         6          0          0          0          0          0   (incl. Padding)

    ----------------------------------------------------------------------

      Code (inc. data)   RO Data    RW Data    ZI Data      Debug   Library Name

       880         16          0          0         96        960   c_p.l

    ----------------------------------------------------------------------
       886         16          0          0         96        960   Library Totals

    ----------------------------------------------------------------------

==============================================================================


      Code (inc. data)   RO Data    RW Data    ZI Data      Debug   

     19844        848        660        184       5824     324603   Grand Totals
     19844        848        660        184       5824     324603   ELF Image Totals
     19844        848        660        184          0          0   ROM Totals

==============================================================================

    Total RO  Size (Code + RO Data)                20504 (  20.02kB)
    Total RW  Size (RW Data + ZI Data)              6008 (   5.87kB)
    Total ROM Size (Code + RO Data + RW Data)      20688 (  20.20kB)

==============================================================================

